Archive member included to satisfy reference by file (symbol)

d:/siliconlabs/simplicitystudio/v5/developer/toolchains/gnu_arm/12.2.rel1_2023.7/bin/../lib/gcc/arm-none-eabi/12.2.1/thumb/v8-m.main+fp/hard\libgcc.a(_aeabi_ldivmod.o)
                              ./simplicity_sdk_2025.6.2/platform/emlib/src/em_eusart.o (__aeabi_ldivmod)
d:/siliconlabs/simplicitystudio/v5/developer/toolchains/gnu_arm/12.2.rel1_2023.7/bin/../lib/gcc/arm-none-eabi/12.2.1/thumb/v8-m.main+fp/hard\libgcc.a(_aeabi_uldivmod.o)
                              ./simplicity_sdk_2025.6.2/platform/emlib/src/em_eusart.o (__aeabi_uldivmod)
d:/siliconlabs/simplicitystudio/v5/developer/toolchains/gnu_arm/12.2.rel1_2023.7/bin/../lib/gcc/arm-none-eabi/12.2.1/thumb/v8-m.main+fp/hard\libgcc.a(_udivmoddi4.o)
                              d:/siliconlabs/simplicitystudio/v5/developer/toolchains/gnu_arm/12.2.rel1_2023.7/bin/../lib/gcc/arm-none-eabi/12.2.1/thumb/v8-m.main+fp/hard\libgcc.a(_aeabi_ldivmod.o) (__udivmoddi4)
d:/siliconlabs/simplicitystudio/v5/developer/toolchains/gnu_arm/12.2.rel1_2023.7/bin/../lib/gcc/arm-none-eabi/12.2.1/thumb/v8-m.main+fp/hard\libgcc.a(_dvmd_tls.o)
                              d:/siliconlabs/simplicitystudio/v5/developer/toolchains/gnu_arm/12.2.rel1_2023.7/bin/../lib/gcc/arm-none-eabi/12.2.1/thumb/v8-m.main+fp/hard\libgcc.a(_aeabi_ldivmod.o) (__aeabi_ldiv0)
d:/siliconlabs/simplicitystudio/v5/developer/toolchains/gnu_arm/12.2.rel1_2023.7/bin/../lib/gcc/arm-none-eabi/12.2.1/thumb/v8-m.main+fp/hard\libc_nano.a(libc_a-exit.o)
                              d:/siliconlabs/simplicitystudio/v5/developer/toolchains/gnu_arm/12.2.rel1_2023.7/bin/../lib/gcc/arm-none-eabi/12.2.1/thumb/v8-m.main+fp/hard/crt0.o (exit)
d:/siliconlabs/simplicitystudio/v5/developer/toolchains/gnu_arm/12.2.rel1_2023.7/bin/../lib/gcc/arm-none-eabi/12.2.1/thumb/v8-m.main+fp/hard\libc_nano.a(libc_a-strtol.o)
                              ./simplicity_sdk_2025.6.2/platform/service/cli/src/sl_cli_arguments.o (strtol)
d:/siliconlabs/simplicitystudio/v5/developer/toolchains/gnu_arm/12.2.rel1_2023.7/bin/../lib/gcc/arm-none-eabi/12.2.1/thumb/v8-m.main+fp/hard\libc_nano.a(libc_a-strtoul.o)
                              ./simplicity_sdk_2025.6.2/platform/service/cli/src/sl_cli_arguments.o (strtoul)
d:/siliconlabs/simplicitystudio/v5/developer/toolchains/gnu_arm/12.2.rel1_2023.7/bin/../lib/gcc/arm-none-eabi/12.2.1/thumb/v8-m.main+fp/hard\libc_nano.a(libc_a-strtoll.o)
                              ./simplicity_sdk_2025.6.2/platform/service/cli/src/sl_cli_arguments.o (strtoll)
d:/siliconlabs/simplicitystudio/v5/developer/toolchains/gnu_arm/12.2.rel1_2023.7/bin/../lib/gcc/arm-none-eabi/12.2.1/thumb/v8-m.main+fp/hard\libc_nano.a(libc_a-ctype_.o)
                              ./simplicity_sdk_2025.6.2/platform/common/src/sl_string.o (_ctype_)
d:/siliconlabs/simplicitystudio/v5/developer/toolchains/gnu_arm/12.2.rel1_2023.7/bin/../lib/gcc/arm-none-eabi/12.2.1/thumb/v8-m.main+fp/hard\libc_nano.a(libc_a-findfp.o)
                              d:/siliconlabs/simplicitystudio/v5/developer/toolchains/gnu_arm/12.2.rel1_2023.7/bin/../lib/gcc/arm-none-eabi/12.2.1/thumb/v8-m.main+fp/hard\libc_nano.a(libc_a-exit.o) (__stdio_exit_handler)
d:/siliconlabs/simplicitystudio/v5/developer/toolchains/gnu_arm/12.2.rel1_2023.7/bin/../lib/gcc/arm-none-eabi/12.2.1/thumb/v8-m.main+fp/hard\libc_nano.a(libc_a-fwalk.o)
                              d:/siliconlabs/simplicitystudio/v5/developer/toolchains/gnu_arm/12.2.rel1_2023.7/bin/../lib/gcc/arm-none-eabi/12.2.1/thumb/v8-m.main+fp/hard\libc_nano.a(libc_a-findfp.o) (_fwalk_sglue)
d:/siliconlabs/simplicitystudio/v5/developer/toolchains/gnu_arm/12.2.rel1_2023.7/bin/../lib/gcc/arm-none-eabi/12.2.1/thumb/v8-m.main+fp/hard\libc_nano.a(libc_a-printf.o)
                              ./cli.o (printf)
d:/siliconlabs/simplicitystudio/v5/developer/toolchains/gnu_arm/12.2.rel1_2023.7/bin/../lib/gcc/arm-none-eabi/12.2.1/thumb/v8-m.main+fp/hard\libc_nano.a(libc_a-puts.o)
                              ./cli.o (puts)
d:/siliconlabs/simplicitystudio/v5/developer/toolchains/gnu_arm/12.2.rel1_2023.7/bin/../lib/gcc/arm-none-eabi/12.2.1/thumb/v8-m.main+fp/hard\libc_nano.a(libc_a-setvbuf.o)
                              ./simplicity_sdk_2025.6.2/platform/service/iostream/src/sl_iostream_stdlib_config.o (setvbuf)
d:/siliconlabs/simplicitystudio/v5/developer/toolchains/gnu_arm/12.2.rel1_2023.7/bin/../lib/gcc/arm-none-eabi/12.2.1/thumb/v8-m.main+fp/hard\libc_nano.a(libc_a-stdio.o)
                              d:/siliconlabs/simplicitystudio/v5/developer/toolchains/gnu_arm/12.2.rel1_2023.7/bin/../lib/gcc/arm-none-eabi/12.2.1/thumb/v8-m.main+fp/hard\libc_nano.a(libc_a-findfp.o) (__sread)
d:/siliconlabs/simplicitystudio/v5/developer/toolchains/gnu_arm/12.2.rel1_2023.7/bin/../lib/gcc/arm-none-eabi/12.2.1/thumb/v8-m.main+fp/hard\libc_nano.a(libc_a-vprintf.o)
                              ./simplicity_sdk_2025.6.2/platform/service/iostream/src/sl_iostream.o (vprintf)
[...]
Memory Configuration

Name             Origin             Length             Attributes
FLASH            0x00000000         0x0007e000         xr
RAM              0x20000000         0x00008000         xrw
*default*        0x00000000         0xffffffff

Linker script and memory map

LOAD d:/siliconlabs/simplicitystudio/v5/developer/toolchains/gnu_arm/12.2.rel1_2023.7/bin/../lib/gcc/arm-none-eabi/12.2.1/thumb/v8-m.main+fp/hard/crti.o
LOAD d:/siliconlabs/simplicitystudio/v5/developer/toolchains/gnu_arm/12.2.rel1_2023.7/bin/../lib/gcc/arm-none-eabi/12.2.1/thumb/v8-m.main+fp/hard/crtbegin.o
LOAD d:/siliconlabs/simplicitystudio/v5/developer/toolchains/gnu_arm/12.2.rel1_2023.7/bin/../lib/gcc/arm-none-eabi/12.2.1/thumb/v8-m.main+fp/hard/crt0.o
START GROUP
LOAD ./app.o
LOAD ./cli.o
LOAD ./main.o
LOAD ./autogen/sl_board_default_init.o
LOAD ./autogen/sl_cli_command_table.o
LOAD ./autogen/sl_cli_instances.o
LOAD ./autogen/sl_event_handler.o
LOAD ./autogen/sl_iostream_handles.o
LOAD ./autogen/sl_iostream_init_eusart_instances.o
LOAD ./autogen/sl_simple_led_instances.o
LOAD ./autogen/sl_spidrv_init.o
LOAD ./autogen/sli_cli_hooks.o
LOAD ./simplicity_sdk_2025.6.2/app/common/util/app_log/app_log.o
LOAD ./simplicity_sdk_2025.6.2/hardware/board/src/sl_board_control_gpio.o
LOAD ./simplicity_sdk_2025.6.2/hardware/board/src/sl_board_init.o
LOAD ./simplicity_sdk_2025.6.2/hardware/driver/configuration_over_swo/src/sl_cos.o
LOAD ./simplicity_sdk_2025.6.2/platform/Device/SiliconLabs/BGM22/Source/startup_bgm22.o
LOAD ./simplicity_sdk_2025.6.2/platform/Device/SiliconLabs/BGM22/Source/system_bgm22.o
LOAD ./simplicity_sdk_2025.6.2/platform/common/src/sl_assert.o
LOAD ./simplicity_sdk_2025.6.2/platform/common/src/sl_core_cortexm.o
LOAD ./simplicity_sdk_2025.6.2/platform/common/src/sl_slist.o
LOAD ./simplicity_sdk_2025.6.2/platform/common/src/sl_string.o
LOAD ./simplicity_sdk_2025.6.2/platform/common/src/sl_syscalls.o
LOAD ./simplicity_sdk_2025.6.2/platform/driver/debug/src/sl_debug_swo.o
LOAD ./simplicity_sdk_2025.6.2/platform/driver/gpio/src/sl_gpio.o
LOAD ./simplicity_sdk_2025.6.2/platform/driver/leddrv/src/sl_led.o
LOAD ./simplicity_sdk_2025.6.2/platform/driver/leddrv/src/sl_simple_led.o
LOAD ./simplicity_sdk_2025.6.2/platform/emdrv/dmadrv/src/dmadrv.o
LOAD ./simplicity_sdk_2025.6.2/platform/emdrv/spidrv/src/spidrv.o
LOAD ./simplicity_sdk_2025.6.2/platform/emlib/src/em_burtc.o
LOAD ./simplicity_sdk_2025.6.2/platform/emlib/src/em_cmu.o
LOAD ./simplicity_sdk_2025.6.2/platform/emlib/src/em_emu.o
LOAD ./simplicity_sdk_2025.6.2/platform/emlib/src/em_eusart.o
LOAD ./simplicity_sdk_2025.6.2/platform/emlib/src/em_gpio.o
LOAD ./simplicity_sdk_2025.6.2/platform/emlib/src/em_ldma.o
LOAD ./simplicity_sdk_2025.6.2/platform/emlib/src/em_msc.o
LOAD ./simplicity_sdk_2025.6.2/platform/emlib/src/em_rtcc.o
LOAD ./simplicity_sdk_2025.6.2/platform/emlib/src/em_system.o
LOAD ./simplicity_sdk_2025.6.2/platform/emlib/src/em_timer.o
LOAD ./simplicity_sdk_2025.6.2/platform/emlib/src/em_usart.o
LOAD ./simplicity_sdk_2025.6.2/platform/peripheral/src/sl_hal_eusart.o
LOAD ./simplicity_sdk_2025.6.2/platform/peripheral/src/sl_hal_gpio.o
LOAD ./simplicity_sdk_2025.6.2/platform/peripheral/src/sl_hal_prs.o
LOAD ./simplicity_sdk_2025.6.2/platform/service/cli/src/sl_cli.o
LOAD ./simplicity_sdk_2025.6.2/platform/service/cli/src/sl_cli_arguments.o
LOAD ./simplicity_sdk_2025.6.2/platform/service/cli/src/sl_cli_command.o
LOAD ./simplicity_sdk_2025.6.2/platform/service/cli/src/sl_cli_input.o
LOAD ./simplicity_sdk_2025.6.2/platform/service/cli/src/sl_cli_io.o
LOAD ./simplicity_sdk_2025.6.2/platform/service/cli/src/sl_cli_tokenize.o
LOAD ./simplicity_sdk_2025.6.2/platform/service/clock_manager/src/sl_clock_manager.o
LOAD ./simplicity_sdk_2025.6.2/platform/service/clock_manager/src/sl_clock_manager_hal_s2.o
LOAD ./simplicity_sdk_2025.6.2/platform/service/clock_manager/src/sl_clock_manager_init.o
LOAD ./simplicity_sdk_2025.6.2/platform/service/clock_manager/src/sl_clock_manager_init_hal_s2.o
LOAD ./simplicity_sdk_2025.6.2/platform/service/device_init/src/sl_device_init_dcdc_s2.o
LOAD ./simplicity_sdk_2025.6.2/platform/service/device_init/src/sl_device_init_emu_s2.o
LOAD ./simplicity_sdk_2025.6.2/platform/service/device_manager/clocks/sl_device_clock_efr32xg22.o
LOAD ./simplicity_sdk_2025.6.2/platform/service/device_manager/devices/sl_device_peripheral_hal_efr32xg22.o
LOAD ./simplicity_sdk_2025.6.2/platform/service/device_manager/src/sl_device_clock.o
LOAD ./simplicity_sdk_2025.6.2/platform/service/device_manager/src/sl_device_gpio.o
LOAD ./simplicity_sdk_2025.6.2/platform/service/device_manager/src/sl_device_peripheral.o
LOAD ./simplicity_sdk_2025.6.2/platform/service/interrupt_manager/src/sl_interrupt_manager_cortexm.o
LOAD ./simplicity_sdk_2025.6.2/platform/service/iostream/src/sl_iostream.o
LOAD ./simplicity_sdk_2025.6.2/platform/service/iostream/src/sl_iostream_eusart.o
LOAD ./simplicity_sdk_2025.6.2/platform/service/iostream/src/sl_iostream_retarget_stdio.o
LOAD ./simplicity_sdk_2025.6.2/platform/service/iostream/src/sl_iostream_stdlib_config.o
LOAD ./simplicity_sdk_2025.6.2/platform/service/iostream/src/sl_iostream_uart.o
LOAD ./simplicity_sdk_2025.6.2/platform/service/memory_manager/src/sl_memory_manager_region.o
LOAD ./simplicity_sdk_2025.6.2/platform/service/sl_main/src/sl_main_init.o
LOAD ./simplicity_sdk_2025.6.2/platform/service/sl_main/src/sl_main_init_memory.o
LOAD ./simplicity_sdk_2025.6.2/platform/service/sl_main/src/sl_main_process_action.o
LOAD ./simplicity_sdk_2025.6.2/platform/service/sleeptimer/src/sl_sleeptimer.o
LOAD ./simplicity_sdk_2025.6.2/platform/service/sleeptimer/src/sl_sleeptimer_hal_burtc.o
LOAD ./simplicity_sdk_2025.6.2/platform/service/sleeptimer/src/sl_sleeptimer_hal_prortc.o
LOAD ./simplicity_sdk_2025.6.2/platform/service/sleeptimer/src/sl_sleeptimer_hal_rtcc.o
LOAD ./simplicity_sdk_2025.6.2/platform/service/sleeptimer/src/sl_sleeptimer_hal_timer.o
LOAD ./third_party_hw_drivers_4.4.1/driver/peripheral_drivers/mikroe/src/drv_digital_in.o
LOAD ./third_party_hw_drivers_4.4.1/driver/peripheral_drivers/mikroe/src/drv_digital_out.o
LOAD ./third_party_hw_drivers_4.4.1/driver/peripheral_drivers/mikroe/src/drv_spi_master.o
LOAD ./third_party_hw_drivers_4.4.1/driver/public/mikroe/microsd/src/sl_sdc_sd_card.o
LOAD ./third_party_hw_drivers_4.4.1/driver/public/silabs/fatfs_sdc_spi_platform/src/sl_sdc_platform_spi.o
LOAD ./third_party_hw_drivers_4.4.1/driver/public/silabs/services_fatfs/src/sl_sdc_media.o
LOAD ./third_party_hw_drivers_4.4.1/driver/thirdparty/fatfs/ff.o
LOAD ./third_party_hw_drivers_4.4.1/driver/thirdparty/fatfs/ffsystem.o
LOAD ./third_party_hw_drivers_4.4.1/driver/thirdparty/fatfs/ffunicode.o
LOAD d:/siliconlabs/simplicitystudio/v5/developer/toolchains/gnu_arm/12.2.rel1_2023.7/bin/../lib/gcc/arm-none-eabi/12.2.1/thumb/v8-m.main+fp/hard\libgcc.a
LOAD d:/siliconlabs/simplicitystudio/v5/developer/toolchains/gnu_arm/12.2.rel1_2023.7/bin/../lib/gcc/arm-none-eabi/12.2.1/thumb/v8-m.main+fp/hard\libc_nano.a
LOAD d:/siliconlabs/simplicitystudio/v5/developer/toolchains/gnu_arm/12.2.rel1_2023.7/bin/../lib/gcc/arm-none-eabi/12.2.1/thumb/v8-m.main+fp/hard\libm.a
LOAD d:/siliconlabs/simplicitystudio/v5/developer/toolchains/gnu_arm/12.2.rel1_2023.7/bin/../lib/gcc/arm-none-eabi/12.2.1/thumb/v8-m.main+fp/hard\libnosys.a
END GROUP
START GROUP
LOAD d:/siliconlabs/simplicitystudio/v5/developer/toolchains/gnu_arm/12.2.rel1_2023.7/bin/../lib/gcc/arm-none-eabi/12.2.1/thumb/v8-m.main+fp/hard\libgcc.a
LOAD d:/siliconlabs/simplicitystudio/v5/developer/toolchains/gnu_arm/12.2.rel1_2023.7/bin/../lib/gcc/arm-none-eabi/12.2.1/thumb/v8-m.main+fp/hard\libc_nano.a
LOAD d:/siliconlabs/simplicitystudio/v5/developer/toolchains/gnu_arm/12.2.rel1_2023.7/bin/../lib/gcc/arm-none-eabi/12.2.1/thumb/v8-m.main+fp/hard\libnosys.a
END GROUP
START GROUP
LOAD d:/siliconlabs/simplicitystudio/v5/developer/toolchains/gnu_arm/12.2.rel1_2023.7/bin/../lib/gcc/arm-none-eabi/12.2.1/thumb/v8-m.main+fp/hard\libgcc.a
LOAD d:/siliconlabs/simplicitystudio/v5/developer/toolchains/gnu_arm/12.2.rel1_2023.7/bin/../lib/gcc/arm-none-eabi/12.2.1/thumb/v8-m.main+fp/hard\libg_nano.a
LOAD d:/siliconlabs/simplicitystudio/v5/developer/toolchains/gnu_arm/12.2.rel1_2023.7/bin/../lib/gcc/arm-none-eabi/12.2.1/thumb/v8-m.main+fp/hard\libc_nano.a
END GROUP
START GROUP
LOAD d:/siliconlabs/simplicitystudio/v5/developer/toolchains/gnu_arm/12.2.rel1_2023.7/bin/../lib/gcc/arm-none-eabi/12.2.1/thumb/v8-m.main+fp/hard\libgcc.a
LOAD d:/siliconlabs/simplicitystudio/v5/developer/toolchains/gnu_arm/12.2.rel1_2023.7/bin/../lib/gcc/arm-none-eabi/12.2.1/thumb/v8-m.main+fp/hard\libc_nano.a
END GROUP
LOAD d:/siliconlabs/simplicitystudio/v5/developer/toolchains/gnu_arm/12.2.rel1_2023.7/bin/../lib/gcc/arm-none-eabi/12.2.1/thumb/v8-m.main+fp/hard/crtend.o
LOAD d:/siliconlabs/simplicitystudio/v5/developer/toolchains/gnu_arm/12.2.rel1_2023.7/bin/../lib/gcc/arm-none-eabi/12.2.1/thumb/v8-m.main+fp/hard/crtn.o

.vectors        0x00000000      0x140
                0x00000000                linker_vectors_begin = .
 *(.vectors)
 .vectors       0x00000000      0x140 ./simplicity_sdk_2025.6.2/platform/Device/SiliconLabs/BGM22/Source/startup_bgm22.o
                0x00000000                __Vectors
                0x00000140                linker_vectors_end = .
                0x00000140                __Vectors_End = .
                0x00000140                __Vectors_Size = (__Vectors_End - __Vectors)

.stack          0x20000000     0x1000
                0x20000000                . = ALIGN (0x8)
                0x20000000                __StackLimit = .
 *(.stack*)
 .stack         0x20000000     0x1000 ./simplicity_sdk_2025.6.2/platform/service/memory_manager/src/sl_memory_manager_region.o
                0x20001000                . = ALIGN (0x4)
                0x20001000                __StackTop = .
                0x20001000                PROVIDE (__stack = __StackTop)

.bss            0x20001000      0xb3c
                0x20001000                . = ALIGN (0x4)
                0x20001000                __bss_start__ = .
 *(SORT_BY_ALIGNMENT(.bss*))
 .bss.second_count
                0x20001000        0x8 ./simplicity_sdk_2025.6.2/platform/service/sleeptimer/src/sl_sleeptimer.o
 .bss.object.0  0x20001008       0x18 d:/siliconlabs/simplicitystudio/v5/developer/toolchains/gnu_arm/12.2.rel1_2023.7/bin/../lib/gcc/arm-none-eabi/12.2.1/thumb/v8-m.main+fp/hard/crtbegin.o
 .bss.app_spi_instance
                0x20001020        0x4 ./app.o
 .bss.sl_cli_inst
                0x20001024      0x2bc ./autogen/sl_cli_instances.o
 .bss.sl_iostream_recommended_console_stream
                0x200012e0        0x4 ./autogen/sl_iostream_handles.o
                0x200012e0                sl_iostream_recommended_console_stream
 .bss.context_vcom
                0x200012e4       0xb4 ./autogen/sl_iostream_init_eusart_instances.o
 .bss.sl_iostream_vcom
                0x20001398       0x1c ./autogen/sl_iostream_init_eusart_instances.o
 .bss.sl_spidrv_mikroe_handle_data
                0x200013b4       0x84 ./autogen/sl_spidrv_init.o
                0x200013b4                sl_spidrv_mikroe_handle_data
 .bss.app_log_iostream
                0x20001438        0x4 ./simplicity_sdk_2025.6.2/app/common/util/app_log/app_log.o
                0x20001438                app_log_iostream
 .bss.gpio_interrupts
                0x2000143c      0x168 ./simplicity_sdk_2025.6.2/platform/driver/gpio/src/sl_gpio.o
 .bss.dmaXfer   0x200015a4      0x100 ./simplicity_sdk_2025.6.2/platform/emdrv/dmadrv/src/dmadrv.o
 .bss.chTable   0x200016a4       0x80 ./simplicity_sdk_2025.6.2/platform/emdrv/dmadrv/src/dmadrv.o
 .bss.sl_cli_default_command_group
                0x20001724        0x4 ./simplicity_sdk_2025.6.2/platform/service/cli/src/sl_cli.o
                0x20001724                sl_cli_default_command_group
 .bss.sl_cli_default_handle
                0x20001728        0x4 ./simplicity_sdk_2025.6.2/platform/service/cli/src/sl_cli.o
                0x20001728                sl_cli_default_handle
 .bss.sli_iostream_default
                0x2000172c        0x4 ./simplicity_sdk_2025.6.2/platform/service/iostream/src/sl_iostream.o
 .bss.max_millisecond_conversion
                0x20001730        0x4 ./simplicity_sdk_2025.6.2/platform/service/sleeptimer/src/sl_sleeptimer.o
 .bss.last_delta_update_count
                0x20001734        0x4 ./simplicity_sdk_2025.6.2/platform/service/sleeptimer/src/sl_sleeptimer.o
 .bss.timer_head
                0x20001738        0x4 ./simplicity_sdk_2025.6.2/platform/service/sleeptimer/src/sl_sleeptimer.o
 .bss.timer_frequency
                0x2000173c        0x4 ./simplicity_sdk_2025.6.2/platform/service/sleeptimer/src/sl_sleeptimer.o
 .bss.calculated_sec_count
                0x20001740        0x4 ./simplicity_sdk_2025.6.2/platform/service/sleeptimer/src/sl_sleeptimer.o
 .bss.calculated_tick_rest
                0x20001744        0x4 ./simplicity_sdk_2025.6.2/platform/service/sleeptimer/src/sl_sleeptimer.o
 .bss.tz_offset
                0x20001748        0x4 ./simplicity_sdk_2025.6.2/platform/service/sleeptimer/src/sl_sleeptimer.o
 .bss.overflow_tick_rest
                0x2000174c        0x4 ./simplicity_sdk_2025.6.2/platform/service/sleeptimer/src/sl_sleeptimer.o
 .bss.overflow_counter
                0x20001750        0x4 ./simplicity_sdk_2025.6.2/platform/service/sleeptimer/src/sl_sleeptimer.o
 .bss.last_spi_speed_used
                0x20001754        0x4 ./third_party_hw_drivers_4.4.1/driver/peripheral_drivers/mikroe/src/drv_spi_master.o
 .bss._owner    0x20001758        0x4 ./third_party_hw_drivers_4.4.1/driver/peripheral_drivers/mikroe/src/drv_spi_master.o
 .bss.disk_timerproc_timer_handle
                0x2000175c       0x20 ./third_party_hw_drivers_4.4.1/driver/public/mikroe/microsd/src/sl_sdc_sd_card.o
 .bss.sd_card   0x2000177c       0x28 ./third_party_hw_drivers_4.4.1/driver/public/mikroe/microsd/src/sl_sdc_sd_card.o
 .bss.sd_card_timer_2
                0x200017a4        0x4 ./third_party_hw_drivers_4.4.1/driver/public/mikroe/microsd/src/sl_sdc_sd_card.o
 .bss.sd_card_timer_1
                0x200017a8        0x4 ./third_party_hw_drivers_4.4.1/driver/public/mikroe/microsd/src/sl_sdc_sd_card.o
 .bss.date_time.0
                0x200017ac       0x10 ./third_party_hw_drivers_4.4.1/driver/public/silabs/services_fatfs/src/sl_sdc_media.o
 .bss.FatFs     0x200017bc        0x4 ./third_party_hw_drivers_4.4.1/driver/thirdparty/fatfs/ff.o
 .bss.__sf      0x200017c0      0x138 d:/siliconlabs/simplicitystudio/v5/developer/toolchains/gnu_arm/12.2.rel1_2023.7/bin/../lib/gcc/arm-none-eabi/12.2.1/thumb/v8-m.main+fp/hard\libc_nano.a(libc_a-findfp.o)
                0x200017c0                __sf
 .bss.__stdio_exit_handler
                0x200018f8        0x4 d:/siliconlabs/simplicitystudio/v5/developer/toolchains/gnu_arm/12.2.rel1_2023.7/bin/../lib/gcc/arm-none-eabi/12.2.1/thumb/v8-m.main+fp/hard\libc_nano.a(libc_a-findfp.o)
                0x200018f8                __stdio_exit_handler
 .bss.errno     0x200018fc        0x4 d:/siliconlabs/simplicitystudio/v5/developer/toolchains/gnu_arm/12.2.rel1_2023.7/bin/../lib/gcc/arm-none-eabi/12.2.1/thumb/v8-m.main+fp/hard\libc_nano.a(libc_a-reent.o)
                0x200018fc                errno
 .bss.__malloc_sbrk_start
                0x20001900        0x4 d:/siliconlabs/simplicitystudio/v5/developer/toolchains/gnu_arm/12.2.rel1_2023.7/bin/../lib/gcc/arm-none-eabi/12.2.1/thumb/v8-m.main+fp/hard\libc_nano.a(libc_a-mallocr.o)
                0x20001900                __malloc_sbrk_start
 .bss.__malloc_free_list
                0x20001904        0x4 d:/siliconlabs/simplicitystudio/v5/developer/toolchains/gnu_arm/12.2.rel1_2023.7/bin/../lib/gcc/arm-none-eabi/12.2.1/thumb/v8-m.main+fp/hard\libc_nano.a(libc_a-mallocr.o)
                0x20001904                __malloc_free_list
 .bss.Fsid      0x20001908        0x2 ./third_party_hw_drivers_4.4.1/driver/thirdparty/fatfs/ff.o
 .bss.completed.1
                0x2000190a        0x1 d:/siliconlabs/simplicitystudio/v5/developer/toolchains/gnu_arm/12.2.rel1_2023.7/bin/../lib/gcc/arm-none-eabi/12.2.1/thumb/v8-m.main+fp/hard/crtbegin.o
 .bss.f_work    0x2000190b      0x200 ./app.o
                0x2000190b                f_work
 .bss.rx_buffer_vcom
                0x20001b0b       0x20 ./autogen/sl_iostream_init_eusart_instances.o
 .bss.level_mask_enabled
                0x20001b2b        0x1 ./simplicity_sdk_2025.6.2/app/common/util/app_log/app_log.o
 .bss.initialized
                0x20001b2c        0x1 ./simplicity_sdk_2025.6.2/platform/emdrv/dmadrv/src/dmadrv.o
 .bss.spidrvIsInitialized
                0x20001b2d        0x1 ./simplicity_sdk_2025.6.2/platform/emdrv/spidrv/src/spidrv.o
 .bss.pclkDiv   0x20001b2e        0x1 ./simplicity_sdk_2025.6.2/platform/emlib/src/em_cmu.o
 .bss.ctuneDelta
                0x20001b2f        0x1 ./simplicity_sdk_2025.6.2/platform/emlib/src/em_cmu.o
 .bss.vScaleEM01Config
                0x20001b30        0x1 ./simplicity_sdk_2025.6.2/platform/emlib/src/em_emu.o
 .bss.is_interrupt_manager_initialized
                0x20001b31        0x1 ./simplicity_sdk_2025.6.2/platform/service/interrupt_manager/src/sl_interrupt_manager_cortexm.o
 .bss.null_byte
                0x20001b32        0x1 ./simplicity_sdk_2025.6.2/platform/service/iostream/src/sl_iostream_uart.o
 .bss.sleep_on_isr_exit
                0x20001b33        0x1 ./simplicity_sdk_2025.6.2/platform/service/sleeptimer/src/sl_sleeptimer.o
 .bss.next_timer_to_expire_is_power_manager
                0x20001b34        0x1 ./simplicity_sdk_2025.6.2/platform/service/sleeptimer/src/sl_sleeptimer.o
 .bss.is_sleeptimer_initialized
                0x20001b35        0x1 ./simplicity_sdk_2025.6.2/platform/service/sleeptimer/src/sl_sleeptimer.o
 .bss.last_spi_mode_used
                0x20001b36        0x1 ./third_party_hw_drivers_4.4.1/driver/peripheral_drivers/mikroe/src/drv_spi_master.o
 .bss.sd_card_type
                0x20001b37        0x1 ./third_party_hw_drivers_4.4.1/driver/public/mikroe/microsd/src/sl_sdc_sd_card.o
 .bss.__lock___malloc_recursive_mutex
                0x20001b38        0x1 d:/siliconlabs/simplicitystudio/v5/developer/toolchains/gnu_arm/12.2.rel1_2023.7/bin/../lib/gcc/arm-none-eabi/12.2.1/thumb/v8-m.main+fp/hard\libc_nano.a(libc_a-lock.o)
                0x20001b38                __lock___malloc_recursive_mutex
 .bss.__lock___sfp_recursive_mutex
                0x20001b39        0x1 d:/siliconlabs/simplicitystudio/v5/developer/toolchains/gnu_arm/12.2.rel1_2023.7/bin/../lib/gcc/arm-none-eabi/12.2.1/thumb/v8-m.main+fp/hard\libc_nano.a(libc_a-lock.o)
                0x20001b39                __lock___sfp_recursive_mutex
 *(COMMON)
                0x20001b3c                . = ALIGN (0x4)
 *fill*         0x20001b3a        0x2 
                0x20001b3c                __bss_end__ = .

.noinit
 *(.noinit*)

text_application_ram
                0x20001b3c        0x0 load address 0x00000140
                0x20001b3c                . = ALIGN (0x4)
                0x20001b3c                __vma_ramfuncs_start__ = .
                0x20001b3c                __text_application_ram_start__ = .
 *(text_application_ram)
                0x20001b3c                . = ALIGN (0x4)
                0x20001b3c                __vma_ramfuncs_end__ = .
                0x20001b3c                __text_application_ram_end__ = .
                0x00000140                __lma_ramfuncs_start__ = LOADADDR (text_application_ram)
                0x00000140                __lma_ramfuncs_end__ = (LOADADDR (text_application_ram) + SIZEOF (text_application_ram))

.rodata         0x00000140        0x0
                0x00000140                __rodata_end__ = .

.text           0x00000140     0xb65c
                0x00000140                linker_code_begin = .
 *(SORT_BY_ALIGNMENT(.text*))
 .text.sl_sleeptimer_convert_time_to_date_64
                0x00000140      0x128 ./simplicity_sdk_2025.6.2/platform/service/sleeptimer/src/sl_sleeptimer.o
                0x00000140                sl_sleeptimer_convert_time_to_date_64
 .text.deregister_tm_clones
                0x00000268       0x1c d:/siliconlabs/simplicitystudio/v5/developer/toolchains/gnu_arm/12.2.rel1_2023.7/bin/../lib/gcc/arm-none-eabi/12.2.1/thumb/v8-m.main+fp/hard/crtbegin.o
 .text.register_tm_clones
                0x00000284       0x28 d:/siliconlabs/simplicitystudio/v5/developer/toolchains/gnu_arm/12.2.rel1_2023.7/bin/../lib/gcc/arm-none-eabi/12.2.1/thumb/v8-m.main+fp/hard/crtbegin.o
 .text.__do_global_dtors_aux
                0x000002ac       0x28 d:/siliconlabs/simplicitystudio/v5/developer/toolchains/gnu_arm/12.2.rel1_2023.7/bin/../lib/gcc/arm-none-eabi/12.2.1/thumb/v8-m.main+fp/hard/crtbegin.o
 .text.frame_dummy
                0x000002d4       0x24 d:/siliconlabs/simplicitystudio/v5/developer/toolchains/gnu_arm/12.2.rel1_2023.7/bin/../lib/gcc/arm-none-eabi/12.2.1/thumb/v8-m.main+fp/hard/crtbegin.o
 .text          0x000002f8       0x7c d:/siliconlabs/simplicitystudio/v5/developer/toolchains/gnu_arm/12.2.rel1_2023.7/bin/../lib/gcc/arm-none-eabi/12.2.1/thumb/v8-m.main+fp/hard/crt0.o
                0x000002f8                _stack_init
                0x00000300                _start
                0x00000300                _mainCRTStartup
 .text.app_init
                0x00000374      0x4ac ./app.o
                0x00000374                app_init
 .text.echo_str
                0x00000820       0x34 ./cli.o
                0x00000820                echo_str
 .text.echo_int
                0x00000854       0x38 ./cli.o
                0x00000854                echo_int
 .text.led_cmd  0x0000088c       0xa4 ./cli.o
                0x0000088c                led_cmd
 .text.cli_app_init
                0x00000930       0x34 ./cli.o
                0x00000930                cli_app_init
 .text.sl_cli_instances_init
                0x00000964       0x40 ./autogen/sl_cli_instances.o
                0x00000964                sl_cli_instances_init
 .text.sl_cli_instances_tick
                0x000009a4       0x28 ./autogen/sl_cli_instances.o
                0x000009a4                sl_cli_instances_tick
 .text.sl_iostream_set_console_instance
                0x000009cc       0x24 ./autogen/sl_iostream_handles.o
                0x000009cc                sl_iostream_set_console_instance
 .text.sl_iostream_eusart_init_vcom
                0x000009f0       0xa8 ./autogen/sl_iostream_init_eusart_instances.o
                0x000009f0                sl_iostream_eusart_init_vcom
 .text.EUART0_RX_IRQHandler
                0x00000a98        0xc ./autogen/sl_iostream_init_eusart_instances.o
                0x00000a98                EUART0_RX_IRQHandler
 .text.sl_simple_led_init_instances
                0x00000aa4        0xc ./autogen/sl_simple_led_instances.o
                0x00000aa4                sl_simple_led_init_instances
 .text.sl_spidrv_init_instances
                0x00000ab0       0x14 ./autogen/sl_spidrv_init.o
                0x00000ab0                sl_spidrv_init_instances
 .text.app_log_init
                0x00000ac4       0x38 ./simplicity_sdk_2025.6.2/app/common/util/app_log/app_log.o
                0x00000ac4                app_log_init
 .text.sl_status_print
                0x00000afc       0x14 ./simplicity_sdk_2025.6.2/app/common/util/app_log/app_log.o
                0x00000afc                sl_status_print
 .text._app_log_status_string
                0x00000b10       0x40 ./simplicity_sdk_2025.6.2/app/common/util/app_log/app_log.o
                0x00000b10                _app_log_status_string
 .text.sl_board_init
                0x00000b50       0x14 ./simplicity_sdk_2025.6.2/hardware/board/src/sl_board_init.o
                0x00000b50                sl_board_init
 .text.sl_board_preinit
                0x00000b64        0xc ./simplicity_sdk_2025.6.2/hardware/board/src/sl_board_init.o
                0x00000b64                sl_board_preinit
 .text.CopyToRam
                0x00000b70       0x1c ./simplicity_sdk_2025.6.2/platform/Device/SiliconLabs/BGM22/Source/startup_bgm22.o
                0x00000b70                CopyToRam
 .text.Reset_Handler
                0x00000b8c       0x6c ./simplicity_sdk_2025.6.2/platform/Device/SiliconLabs/BGM22/Source/startup_bgm22.o
                0x00000b8c                Reset_Handler
 .text.SystemInit
                0x00000bf8       0x64 ./simplicity_sdk_2025.6.2/platform/Device/SiliconLabs/BGM22/Source/system_bgm22.o
                0x00000bf8                SystemInit
 .text.SystemHFRCODPLLClockSet
                0x00000c5c        0xc ./simplicity_sdk_2025.6.2/platform/Device/SiliconLabs/BGM22/Source/system_bgm22.o
                0x00000c5c                SystemHFRCODPLLClockSet
 .text.SystemHFXOClockSet
                0x00000c68       0x20 ./simplicity_sdk_2025.6.2/platform/Device/SiliconLabs/BGM22/Source/system_bgm22.o
                0x00000c68                SystemHFXOClockSet
 .text.sl_slist_push
                0x00000c88       0x20 ./simplicity_sdk_2025.6.2/platform/common/src/sl_slist.o
                0x00000c88                sl_slist_push
 .text.sl_slist_push_back
                0x00000ca8       0x24 ./simplicity_sdk_2025.6.2/platform/common/src/sl_slist.o
                0x00000ca8                sl_slist_push_back
 .text.sl_slist_pop
                0x00000ccc       0x20 ./simplicity_sdk_2025.6.2/platform/common/src/sl_slist.o
                0x00000ccc                sl_slist_pop
 .text.sl_strcasecmp
                0x00000cec       0x44 ./simplicity_sdk_2025.6.2/platform/common/src/sl_string.o
                0x00000cec                sl_strcasecmp
 .text.sl_debug_swo_init
                0x00000d30       0xcc ./simplicity_sdk_2025.6.2/platform/driver/debug/src/sl_debug_swo.o
                0x00000d30                sl_debug_swo_init
 .text.sl_debug_swo_write_u8
                0x00000dfc       0x44 ./simplicity_sdk_2025.6.2/platform/driver/debug/src/sl_debug_swo.o
                0x00000dfc                sl_debug_swo_write_u8
 .text.sl_gpio_dispatch_interrupt
                0x00000e40       0x5c ./simplicity_sdk_2025.6.2/platform/driver/gpio/src/sl_gpio.o
 .text.sl_gpio_init
                0x00000e9c       0x38 ./simplicity_sdk_2025.6.2/platform/driver/gpio/src/sl_gpio.o
                0x00000e9c                sl_gpio_init
 .text.sl_gpio_set_pin_mode
                0x00000ed4       0x84 ./simplicity_sdk_2025.6.2/platform/driver/gpio/src/sl_gpio.o
                0x00000ed4                sl_gpio_set_pin_mode
 .text.sl_gpio_set_pin
                0x00000f58       0x5c ./simplicity_sdk_2025.6.2/platform/driver/gpio/src/sl_gpio.o
                0x00000f58                sl_gpio_set_pin
 .text.sl_gpio_clear_pin
                0x00000fb4       0x5c ./simplicity_sdk_2025.6.2/platform/driver/gpio/src/sl_gpio.o
                0x00000fb4                sl_gpio_clear_pin
 .text.sl_gpio_get_pin_output
                0x00001010       0x64 ./simplicity_sdk_2025.6.2/platform/driver/gpio/src/sl_gpio.o
                0x00001010                sl_gpio_get_pin_output
 .text.sl_gpio_get_pin_input
                0x00001074       0x64 ./simplicity_sdk_2025.6.2/platform/driver/gpio/src/sl_gpio.o
                0x00001074                sl_gpio_get_pin_input
 .text.GPIO_EVEN_IRQHandler
                0x000010d8       0x20 ./simplicity_sdk_2025.6.2/platform/driver/gpio/src/sl_gpio.o
                0x000010d8                GPIO_EVEN_IRQHandler
 .text.GPIO_ODD_IRQHandler
                0x000010f8       0x20 ./simplicity_sdk_2025.6.2/platform/driver/gpio/src/sl_gpio.o
                0x000010f8                GPIO_ODD_IRQHandler
 .text.sl_simple_led_init
                0x00001118       0x34 ./simplicity_sdk_2025.6.2/platform/driver/leddrv/src/sl_simple_led.o
                0x00001118                sl_simple_led_init
 .text.StartTransfer
                0x0000114c      0x17c ./simplicity_sdk_2025.6.2/platform/emdrv/dmadrv/src/dmadrv.o
 .text.DMADRV_AllocateChannel
                0x000012c8       0x60 ./simplicity_sdk_2025.6.2/platform/emdrv/dmadrv/src/dmadrv.o
                0x000012c8                DMADRV_AllocateChannel
 .text.DMADRV_DeInit
                0x00001328       0x44 ./simplicity_sdk_2025.6.2/platform/emdrv/dmadrv/src/dmadrv.o
                0x00001328                DMADRV_DeInit
 .text.DMADRV_FreeChannel
                0x0000136c       0x4c ./simplicity_sdk_2025.6.2/platform/emdrv/dmadrv/src/dmadrv.o
                0x0000136c                DMADRV_FreeChannel
 .text.DMADRV_Init
                0x000013b8       0x68 ./simplicity_sdk_2025.6.2/platform/emdrv/dmadrv/src/dmadrv.o
                0x000013b8                DMADRV_Init
 .text.DMADRV_LdmaStartTransfer
                0x00001420       0x4c ./simplicity_sdk_2025.6.2/platform/emdrv/dmadrv/src/dmadrv.o
                0x00001420                DMADRV_LdmaStartTransfer
 .text.DMADRV_PauseTransfer
                0x0000146c       0x40 ./simplicity_sdk_2025.6.2/platform/emdrv/dmadrv/src/dmadrv.o
                0x0000146c                DMADRV_PauseTransfer
 .text.DMADRV_ResumeTransfer
                0x000014ac       0x40 ./simplicity_sdk_2025.6.2/platform/emdrv/dmadrv/src/dmadrv.o
                0x000014ac                DMADRV_ResumeTransfer
 .text.LDMA_IRQHandler
                0x000014ec       0x74 ./simplicity_sdk_2025.6.2/platform/emdrv/dmadrv/src/dmadrv.o
                0x000014ec                LDMA_IRQHandler
 .text.RxDMAComplete
                0x00001560       0x50 ./simplicity_sdk_2025.6.2/platform/emdrv/spidrv/src/spidrv.o
 .text.TransferApiPrologue
                0x000015b0       0x48 ./simplicity_sdk_2025.6.2/platform/emdrv/spidrv/src/spidrv.o
 .text.StartTransferDMA
                0x000015f8       0x8c ./simplicity_sdk_2025.6.2/platform/emdrv/spidrv/src/spidrv.o
 .text.StartTransmitDMA
                0x00001684       0x8c ./simplicity_sdk_2025.6.2/platform/emdrv/spidrv/src/spidrv.o
 .text.SPIDRV_Init
                0x00001710      0x1c4 ./simplicity_sdk_2025.6.2/platform/emdrv/spidrv/src/spidrv.o
                0x00001710                SPIDRV_Init
 .text.SPIDRV_DeInit
                0x000018d4       0xac ./simplicity_sdk_2025.6.2/platform/emdrv/spidrv/src/spidrv.o
                0x000018d4                SPIDRV_DeInit
 .text.SPIDRV_MTransferB
                0x00001980       0x4c ./simplicity_sdk_2025.6.2/platform/emdrv/spidrv/src/spidrv.o
                0x00001980                SPIDRV_MTransferB
 .text.SPIDRV_MTransmitB
                0x000019cc       0x38 ./simplicity_sdk_2025.6.2/platform/emdrv/spidrv/src/spidrv.o
                0x000019cc                SPIDRV_MTransmitB
 .text.SPIDRV_SetBitrate
                0x00001a04       0x44 ./simplicity_sdk_2025.6.2/platform/emdrv/spidrv/src/spidrv.o
                0x00001a04                SPIDRV_SetBitrate
 .text.EMU_VScaleGet
                0x00001a48       0x18 ./simplicity_sdk_2025.6.2/platform/emlib/src/em_cmu.o
 .text.dpllRefClkGet
                0x00001a60       0x48 ./simplicity_sdk_2025.6.2/platform/emlib/src/em_cmu.o
 .text.em01GrpaClkGet
                0x00001aa8       0x48 ./simplicity_sdk_2025.6.2/platform/emlib/src/em_cmu.o
 .text.em23GrpaClkGet
                0x00001af0       0x48 ./simplicity_sdk_2025.6.2/platform/emlib/src/em_cmu.o
 .text.em4GrpaClkGet
                0x00001b38       0x48 ./simplicity_sdk_2025.6.2/platform/emlib/src/em_cmu.o
 .text.em01GrpbClkGet
                0x00001b80       0x74 ./simplicity_sdk_2025.6.2/platform/emlib/src/em_cmu.o
 .text.iadcClkGet
                0x00001bf4       0x54 ./simplicity_sdk_2025.6.2/platform/emlib/src/em_cmu.o
 .text.wdog0ClkGet
                0x00001c48       0x64 ./simplicity_sdk_2025.6.2/platform/emlib/src/em_cmu.o
 .text.rtccClkGet
                0x00001cac       0x54 ./simplicity_sdk_2025.6.2/platform/emlib/src/em_cmu.o
 .text.HFRCODPLLDevinfoGet
                0x00001d00      0x108 ./simplicity_sdk_2025.6.2/platform/emlib/src/em_cmu.o
 .text.euart0ClkGet
                0x00001e08       0x48 ./simplicity_sdk_2025.6.2/platform/emlib/src/em_cmu.o
 .text.CMU_ClockDivGet
                0x00001e50       0x84 ./simplicity_sdk_2025.6.2/platform/emlib/src/em_cmu.o
                0x00001e50                CMU_ClockDivGet
 .text.flashWaitStateControl
                0x00001ed4       0x4c ./simplicity_sdk_2025.6.2/platform/emlib/src/em_cmu.o
 .text.CMU_ClockEnable
                0x00001f20       0x54 ./simplicity_sdk_2025.6.2/platform/emlib/src/em_cmu.o
                0x00001f20                CMU_ClockEnable
 .text.CMU_ClockFreqGet
                0x00001f74      0x280 ./simplicity_sdk_2025.6.2/platform/emlib/src/em_cmu.o
                0x00001f74                CMU_ClockFreqGet
 .text.rhclkPrescOptimize
                0x000021f4       0x20 ./simplicity_sdk_2025.6.2/platform/emlib/src/em_cmu.o
 .text.CMU_ClockSelectGet
                0x00002214      0x148 ./simplicity_sdk_2025.6.2/platform/emlib/src/em_cmu.o
                0x00002214                CMU_ClockSelectGet
 .text.sli_em_cmu_SYSTICEXTCLKENClear
                0x0000235c       0x30 ./simplicity_sdk_2025.6.2/platform/emlib/src/em_cmu.o
                0x0000235c                sli_em_cmu_SYSTICEXTCLKENClear
 .text.CMU_HFXOInit
                0x0000238c      0x1dc ./simplicity_sdk_2025.6.2/platform/emlib/src/em_cmu.o
                0x0000238c                CMU_HFXOInit
 .text.CMU_HFXOCTuneDeltaGet
                0x00002568        0xc ./simplicity_sdk_2025.6.2/platform/emlib/src/em_cmu.o
                0x00002568                CMU_HFXOCTuneDeltaGet
 .text.CMU_LFXOInit
                0x00002574       0xc4 ./simplicity_sdk_2025.6.2/platform/emlib/src/em_cmu.o
                0x00002574                CMU_LFXOInit
 .text.CMU_LFXOPrecisionSet
                0x00002638        0xc ./simplicity_sdk_2025.6.2/platform/emlib/src/em_cmu.o
                0x00002638                CMU_LFXOPrecisionSet
 .text.CMU_HFXOPrecisionSet
                0x00002644        0xc ./simplicity_sdk_2025.6.2/platform/emlib/src/em_cmu.o
                0x00002644                CMU_HFXOPrecisionSet
 .text.CMU_LFRCOSetPrecision
                0x00002650       0x80 ./simplicity_sdk_2025.6.2/platform/emlib/src/em_cmu.o
                0x00002650                CMU_LFRCOSetPrecision
 .text.CMU_ClockDivSet
                0x000026d0      0x104 ./simplicity_sdk_2025.6.2/platform/emlib/src/em_cmu.o
                0x000026d0                CMU_ClockDivSet
 .text.sli_em_cmu_SYSCLKInitPreClockSelect
                0x000027d4       0x30 ./simplicity_sdk_2025.6.2/platform/emlib/src/em_cmu.o
                0x000027d4                sli_em_cmu_SYSCLKInitPreClockSelect
 .text.pclkDivOptimize
                0x00002804       0x24 ./simplicity_sdk_2025.6.2/platform/emlib/src/em_cmu.o
 .text.sli_em_cmu_SYSCLKInitPostClockSelect
                0x00002828       0x40 ./simplicity_sdk_2025.6.2/platform/emlib/src/em_cmu.o
                0x00002828                sli_em_cmu_SYSCLKInitPostClockSelect
 .text.CMU_DPLLLock
                0x00002868      0x288 ./simplicity_sdk_2025.6.2/platform/emlib/src/em_cmu.o
                0x00002868                CMU_DPLLLock
 .text.EMU_EM4Init
                0x00002af0       0x14 ./simplicity_sdk_2025.6.2/platform/emlib/src/em_emu.o
                0x00002af0                EMU_EM4Init
 .text.EMU_VScaleEM01
                0x00002b04       0xa8 ./simplicity_sdk_2025.6.2/platform/emlib/src/em_emu.o
                0x00002b04                EMU_VScaleEM01
 .text.EMU_VScaleEM01ByClock
                0x00002bac       0x30 ./simplicity_sdk_2025.6.2/platform/emlib/src/em_emu.o
                0x00002bac                EMU_VScaleEM01ByClock
 .text.EMU_DCDCModeSet
                0x00002bdc       0xb8 ./simplicity_sdk_2025.6.2/platform/emlib/src/em_emu.o
                0x00002bdc                EMU_DCDCModeSet
 .text.EMU_DCDCInit
                0x00002c94       0x74 ./simplicity_sdk_2025.6.2/platform/emlib/src/em_emu.o
                0x00002c94                EMU_DCDCInit
 .text.EUSART_Reset
                0x00002d08       0x34 ./simplicity_sdk_2025.6.2/platform/emlib/src/em_eusart.o
                0x00002d08                EUSART_Reset
 .text.EUSART_Enable
                0x00002d3c       0x60 ./simplicity_sdk_2025.6.2/platform/emlib/src/em_eusart.o
                0x00002d3c                EUSART_Enable
 .text.EUSART_BaudrateSet
                0x00002d9c      0x128 ./simplicity_sdk_2025.6.2/platform/emlib/src/em_eusart.o
                0x00002d9c                EUSART_BaudrateSet
 .text.EUSART_AsyncInitCommon.constprop.0
                0x00002ec4      0x1ac ./simplicity_sdk_2025.6.2/platform/emlib/src/em_eusart.o
 .text.EUSART_UartInitLf
                0x00003070       0xb4 ./simplicity_sdk_2025.6.2/platform/emlib/src/em_eusart.o
                0x00003070                EUSART_UartInitLf
 .text.EUSART_UartInitHf
                0x00003124       0x50 ./simplicity_sdk_2025.6.2/platform/emlib/src/em_eusart.o
                0x00003124                EUSART_UartInitHf
 .text.GPIO_PinOutSet
                0x00003174       0x40 ./simplicity_sdk_2025.6.2/platform/emlib/src/em_gpio.o
 .text.GPIO_PinOutClear
                0x000031b4       0x40 ./simplicity_sdk_2025.6.2/platform/emlib/src/em_gpio.o
 .text.GPIO_PinModeSet
                0x000031f4       0x90 ./simplicity_sdk_2025.6.2/platform/emlib/src/em_gpio.o
                0x000031f4                GPIO_PinModeSet
 .text.LDMA_DeInit
                0x00003284       0x2c ./simplicity_sdk_2025.6.2/platform/emlib/src/em_ldma.o
                0x00003284                LDMA_DeInit
 .text.LDMA_EnableChannelRequest
                0x000032b0       0x40 ./simplicity_sdk_2025.6.2/platform/emlib/src/em_ldma.o
                0x000032b0                LDMA_EnableChannelRequest
 .text.LDMA_Init
                0x000032f0       0x90 ./simplicity_sdk_2025.6.2/platform/emlib/src/em_ldma.o
                0x000032f0                LDMA_Init
 .text.LDMA_StartTransfer
                0x00003380       0xf4 ./simplicity_sdk_2025.6.2/platform/emlib/src/em_ldma.o
                0x00003380                LDMA_StartTransfer
 .text.LDMA_StopTransfer
                0x00003474       0x38 ./simplicity_sdk_2025.6.2/platform/emlib/src/em_ldma.o
                0x00003474                LDMA_StopTransfer
 .text.LDMA_TransferDone
                0x000034ac       0x44 ./simplicity_sdk_2025.6.2/platform/emlib/src/em_ldma.o
                0x000034ac                LDMA_TransferDone
 .text.LDMA_TransferRemainingCount
                0x000034f0       0x44 ./simplicity_sdk_2025.6.2/platform/emlib/src/em_ldma.o
                0x000034f0                LDMA_TransferRemainingCount
 .text.RTCC_ChannelInit
                0x00003534       0x48 ./simplicity_sdk_2025.6.2/platform/emlib/src/em_rtcc.o
                0x00003534                RTCC_ChannelInit
 .text.RTCC_Enable
                0x0000357c       0x54 ./simplicity_sdk_2025.6.2/platform/emlib/src/em_rtcc.o
                0x0000357c                RTCC_Enable
 .text.RTCC_Init
                0x000035d0       0x48 ./simplicity_sdk_2025.6.2/platform/emlib/src/em_rtcc.o
                0x000035d0                RTCC_Init
 .text.SYSTEM_GetProdRev
                0x00003618       0x10 ./simplicity_sdk_2025.6.2/platform/emlib/src/em_system.o
                0x00003618                SYSTEM_GetProdRev
 .text.USART_BaudrateSyncSet
                0x00003628       0x48 ./simplicity_sdk_2025.6.2/platform/emlib/src/em_usart.o
                0x00003628                USART_BaudrateSyncSet
 .text.USART_Reset
                0x00003670       0x70 ./simplicity_sdk_2025.6.2/platform/emlib/src/em_usart.o
                0x00003670                USART_Reset
 .text.USART_InitSync
                0x000036e0       0xc8 ./simplicity_sdk_2025.6.2/platform/emlib/src/em_usart.o
                0x000036e0                USART_InitSync
 .text.sl_hal_gpio_clear_pin
                0x000037a8       0x5c ./simplicity_sdk_2025.6.2/platform/peripheral/src/sl_hal_gpio.o
                0x000037a8                sl_hal_gpio_clear_pin
 .text.sl_hal_gpio_get_pin_input
                0x00003804       0x5c ./simplicity_sdk_2025.6.2/platform/peripheral/src/sl_hal_gpio.o
                0x00003804                sl_hal_gpio_get_pin_input
 .text.sl_hal_gpio_get_pin_output
                0x00003860       0x5c ./simplicity_sdk_2025.6.2/platform/peripheral/src/sl_hal_gpio.o
                0x00003860                sl_hal_gpio_get_pin_output
 .text.sl_hal_gpio_get_enabled_pending_interrupts
                0x000038bc       0x14 ./simplicity_sdk_2025.6.2/platform/peripheral/src/sl_hal_gpio.o
                0x000038bc                sl_hal_gpio_get_enabled_pending_interrupts
 .text.sl_hal_gpio_set_pin_mode
                0x000038d0       0xdc ./simplicity_sdk_2025.6.2/platform/peripheral/src/sl_hal_gpio.o
                0x000038d0                sl_hal_gpio_set_pin_mode
 .text.sl_cli_clear
                0x000039ac       0x30 ./simplicity_sdk_2025.6.2/platform/service/cli/src/sl_cli.o
                0x000039ac                sl_cli_clear
 .text.sl_cli_handle_input
                0x000039dc       0x48 ./simplicity_sdk_2025.6.2/platform/service/cli/src/sl_cli.o
                0x000039dc                sl_cli_handle_input
 .text.sli_cli_tick
                0x00003a24       0xb8 ./simplicity_sdk_2025.6.2/platform/service/cli/src/sl_cli.o
                0x00003a24                sli_cli_tick
 .text.sli_cli_arguments_validate_uint
                0x00003adc       0xc4 ./simplicity_sdk_2025.6.2/platform/service/cli/src/sl_cli_arguments.o
                0x00003adc                sli_cli_arguments_validate_uint
 .text.sli_cli_arguments_validate_hex_string
                0x00003ba0       0x44 ./simplicity_sdk_2025.6.2/platform/service/cli/src/sl_cli_arguments.o
                0x00003ba0                sli_cli_arguments_validate_hex_string
 .text.print_and_pad
                0x00003be4       0x28 ./simplicity_sdk_2025.6.2/platform/service/cli/src/sl_cli_command.o
 .text.cmd_help_command
                0x00003c0c      0x1f0 ./simplicity_sdk_2025.6.2/platform/service/cli/src/sl_cli_command.o
 .text.sl_cli_command_find_matches
                0x00003dfc      0x19c ./simplicity_sdk_2025.6.2/platform/service/cli/src/sl_cli_command.o
                0x00003dfc                sl_cli_command_find_matches
 .text.sl_cli_command_find
                0x00003f98       0x74 ./simplicity_sdk_2025.6.2/platform/service/cli/src/sl_cli_command.o
                0x00003f98                sl_cli_command_find
 .text.sl_cli_input_autocomplete
                0x0000400c      0x1f0 ./simplicity_sdk_2025.6.2/platform/service/cli/src/sl_cli_input.o
                0x0000400c                sl_cli_input_autocomplete
 .text.sl_cli_input_char
                0x000041fc      0x1d4 ./simplicity_sdk_2025.6.2/platform/service/cli/src/sl_cli_input.o
                0x000041fc                sl_cli_input_char
 .text.sli_clock_manager_hal_init
                0x000043d0      0x250 ./simplicity_sdk_2025.6.2/platform/service/clock_manager/src/sl_clock_manager_init_hal_s2.o
                0x000043d0                sli_clock_manager_hal_init
 .text.sl_device_init_dcdc
                0x00004620       0x20 ./simplicity_sdk_2025.6.2/platform/service/device_init/src/sl_device_init_dcdc_s2.o
                0x00004620                sl_device_init_dcdc
 .text.sl_device_init_emu
                0x00004640       0x24 ./simplicity_sdk_2025.6.2/platform/service/device_init/src/sl_device_init_emu_s2.o
                0x00004640                sl_device_init_emu
 .text.__NVIC_GetPriority
                0x00004664       0x24 ./simplicity_sdk_2025.6.2/platform/service/interrupt_manager/src/sl_interrupt_manager_cortexm.o
 .text.sl_interrupt_manager_disable_irq
                0x00004688       0x3c ./simplicity_sdk_2025.6.2/platform/service/interrupt_manager/src/sl_interrupt_manager_cortexm.o
                0x00004688                sl_interrupt_manager_disable_irq
 .text.sl_interrupt_manager_enable_irq
                0x000046c4       0x34 ./simplicity_sdk_2025.6.2/platform/service/interrupt_manager/src/sl_interrupt_manager_cortexm.o
                0x000046c4                sl_interrupt_manager_enable_irq
 .text.sl_interrupt_manager_is_irq_disabled
                0x000046f8       0x30 ./simplicity_sdk_2025.6.2/platform/service/interrupt_manager/src/sl_interrupt_manager_cortexm.o
                0x000046f8                sl_interrupt_manager_is_irq_disabled
 .text.sl_interrupt_manager_is_irq_blocked
                0x00004728       0x6c ./simplicity_sdk_2025.6.2/platform/service/interrupt_manager/src/sl_interrupt_manager_cortexm.o
                0x00004728                sl_interrupt_manager_is_irq_blocked
 .text.sl_interrupt_manager_clear_irq_pending
                0x00004794       0x1c ./simplicity_sdk_2025.6.2/platform/service/interrupt_manager/src/sl_interrupt_manager_cortexm.o
                0x00004794                sl_interrupt_manager_clear_irq_pending
 .text.sl_interrupt_manager_set_irq_priority
                0x000047b0       0x54 ./simplicity_sdk_2025.6.2/platform/service/interrupt_manager/src/sl_interrupt_manager_cortexm.o
                0x000047b0                sl_interrupt_manager_set_irq_priority
 .text.sl_interrupt_manager_init
                0x00004804       0x34 ./simplicity_sdk_2025.6.2/platform/service/interrupt_manager/src/sl_interrupt_manager_cortexm.o
                0x00004804                sl_interrupt_manager_init
 .text.sl_iostream_set_default
                0x00004838       0x18 ./simplicity_sdk_2025.6.2/platform/service/iostream/src/sl_iostream.o
                0x00004838                sl_iostream_set_default
 .text.sl_iostream_get_default
                0x00004850       0x18 ./simplicity_sdk_2025.6.2/platform/service/iostream/src/sl_iostream.o
                0x00004850                sl_iostream_get_default
 .text.sl_iostream_eusart_init
                0x00004868      0x22c ./simplicity_sdk_2025.6.2/platform/service/iostream/src/sl_iostream_eusart.o
                0x00004868                sl_iostream_eusart_init
 .text.sl_iostream_eusart_irq_handler
                0x00004a94       0x10 ./simplicity_sdk_2025.6.2/platform/service/iostream/src/sl_iostream_eusart.o
                0x00004a94                sl_iostream_eusart_irq_handler
 .text._write   0x00004aa4       0x20 ./simplicity_sdk_2025.6.2/platform/service/iostream/src/sl_iostream_retarget_stdio.o
                0x00004aa4                _write
 .text.sl_iostream_stdlib_disable_buffering
                0x00004ac4       0x14 ./simplicity_sdk_2025.6.2/platform/service/iostream/src/sl_iostream_stdlib_config.o
                0x00004ac4                sl_iostream_stdlib_disable_buffering
 .text.__rx_buffer_empty
                0x00004ad8       0x34 ./simplicity_sdk_2025.6.2/platform/service/iostream/src/sl_iostream_uart.o
 .text.__rx_buffer_full
                0x00004b0c       0x4c ./simplicity_sdk_2025.6.2/platform/service/iostream/src/sl_iostream_uart.o
 .text.__get_write_ptr
                0x00004b58       0x60 ./simplicity_sdk_2025.6.2/platform/service/iostream/src/sl_iostream_uart.o
 .text.__uart_async_start_write
                0x00004bb8       0x74 ./simplicity_sdk_2025.6.2/platform/service/iostream/src/sl_iostream_uart.o
 .text.set_new_data_detect
                0x00004c2c      0x174 ./simplicity_sdk_2025.6.2/platform/service/iostream/src/sl_iostream_uart.o
 .text.__uart_async_tx_dma_callback
                0x00004da0       0x40 ./simplicity_sdk_2025.6.2/platform/service/iostream/src/sl_iostream_uart.o
 .text.rx_buffer_empty
                0x00004de0       0x38 ./simplicity_sdk_2025.6.2/platform/service/iostream/src/sl_iostream_uart.o
 .text.uart_read
                0x00004e18      0x2cc ./simplicity_sdk_2025.6.2/platform/service/iostream/src/sl_iostream_uart.o
 .text.uart_write
                0x000050e4      0x124 ./simplicity_sdk_2025.6.2/platform/service/iostream/src/sl_iostream_uart.o
 .text.sli_iostream_uart_context_init
                0x00005208      0x150 ./simplicity_sdk_2025.6.2/platform/service/iostream/src/sl_iostream_uart.o
                0x00005208                sli_iostream_uart_context_init
 .text.uart_deinit
                0x00005358       0x9c ./simplicity_sdk_2025.6.2/platform/service/iostream/src/sl_iostream_uart.o
 .text._sbrk    0x000053f4       0x20 ./simplicity_sdk_2025.6.2/platform/service/memory_manager/src/sl_memory_manager_region.o
                0x000053f4                _sbrk
 .text.sl_main_init
                0x00005414       0x60 ./simplicity_sdk_2025.6.2/platform/service/sl_main/src/sl_main_init.o
                0x00005414                sl_main_init
 .text.is_valid_date_64
                0x00005474       0x4c ./simplicity_sdk_2025.6.2/platform/service/sleeptimer/src/sl_sleeptimer.o
 .text.sl_sleeptimer_init
                0x000054c0       0xb0 ./simplicity_sdk_2025.6.2/platform/service/sleeptimer/src/sl_sleeptimer.o
                0x000054c0                sl_sleeptimer_init
 .text.sl_sleeptimer_get_time_64
                0x00005570       0x50 ./simplicity_sdk_2025.6.2/platform/service/sleeptimer/src/sl_sleeptimer.o
                0x00005570                sl_sleeptimer_get_time_64
 .text.sl_sleeptimer_set_time_64
                0x000055c0       0x7c ./simplicity_sdk_2025.6.2/platform/service/sleeptimer/src/sl_sleeptimer.o
                0x000055c0                sl_sleeptimer_set_time_64
 .text.sl_sleeptimer_convert_date_to_time_64
                0x0000563c       0xb0 ./simplicity_sdk_2025.6.2/platform/service/sleeptimer/src/sl_sleeptimer.o
                0x0000563c                sl_sleeptimer_convert_date_to_time_64
 .text.sl_sleeptimer_set_tz
                0x000056ec       0x18 ./simplicity_sdk_2025.6.2/platform/service/sleeptimer/src/sl_sleeptimer.o
                0x000056ec                sl_sleeptimer_set_tz
 .text.sl_sleeptimer_get_tz
                0x00005704       0x18 ./simplicity_sdk_2025.6.2/platform/service/sleeptimer/src/sl_sleeptimer.o
                0x00005704                sl_sleeptimer_get_tz
 .text.sleeptimer_hal_init_timer
                0x0000571c       0x7c ./simplicity_sdk_2025.6.2/platform/service/sleeptimer/src/sl_sleeptimer_hal_rtcc.o
                0x0000571c                sleeptimer_hal_init_timer
 .text.RTCC_IRQHandler
                0x00005798       0x34 ./simplicity_sdk_2025.6.2/platform/service/sleeptimer/src/sl_sleeptimer_hal_rtcc.o
                0x00005798                RTCC_IRQHandler
 .text.GPIO_SlewrateSet
                0x000057cc       0x3c ./third_party_hw_drivers_4.4.1/driver/peripheral_drivers/mikroe/src/drv_spi_master.o
 .text.spi_master_set_config
                0x00005808       0x54 ./third_party_hw_drivers_4.4.1/driver/peripheral_drivers/mikroe/src/drv_spi_master.o
 .text.spi_master_configure_default
                0x0000585c       0x1c ./third_party_hw_drivers_4.4.1/driver/peripheral_drivers/mikroe/src/drv_spi_master.o
                0x0000585c                spi_master_configure_default
 .text.spi_master_open
                0x00005878       0x2c ./third_party_hw_drivers_4.4.1/driver/peripheral_drivers/mikroe/src/drv_spi_master.o
                0x00005878                spi_master_open
 .text.spi_master_set_speed
                0x000058a4       0x54 ./third_party_hw_drivers_4.4.1/driver/peripheral_drivers/mikroe/src/drv_spi_master.o
                0x000058a4                spi_master_set_speed
 .text.spi_master_write
                0x000058f8       0x64 ./third_party_hw_drivers_4.4.1/driver/peripheral_drivers/mikroe/src/drv_spi_master.o
                0x000058f8                spi_master_write
 .text.spi_master_read
                0x0000595c       0x9c ./third_party_hw_drivers_4.4.1/driver/peripheral_drivers/mikroe/src/drv_spi_master.o
                0x0000595c                spi_master_read
 .text.spi_master_exchange
                0x000059f8       0x68 ./third_party_hw_drivers_4.4.1/driver/peripheral_drivers/mikroe/src/drv_spi_master.o
                0x000059f8                spi_master_exchange
 .text.wait_ready
                0x00005a60       0x3c ./third_party_hw_drivers_4.4.1/driver/public/mikroe/microsd/src/sl_sdc_sd_card.o
 .text.deselect
                0x00005a9c       0x18 ./third_party_hw_drivers_4.4.1/driver/public/mikroe/microsd/src/sl_sdc_sd_card.o
 .text.select   0x00005ab4       0x28 ./third_party_hw_drivers_4.4.1/driver/public/mikroe/microsd/src/sl_sdc_sd_card.o
 .text.send_cmd
                0x00005adc       0xd0 ./third_party_hw_drivers_4.4.1/driver/public/mikroe/microsd/src/sl_sdc_sd_card.o
 .text.rcvr_datablock
                0x00005bac       0x64 ./third_party_hw_drivers_4.4.1/driver/public/mikroe/microsd/src/sl_sdc_sd_card.o
 .text.xmit_datablock
                0x00005c10       0x6c ./third_party_hw_drivers_4.4.1/driver/public/mikroe/microsd/src/sl_sdc_sd_card.o
 .text.sd_card_disk_initialize
                0x00005c7c      0x158 ./third_party_hw_drivers_4.4.1/driver/public/mikroe/microsd/src/sl_sdc_sd_card.o
                0x00005c7c                sd_card_disk_initialize
 .text.sd_card_disk_status
                0x00005dd4        0xc ./third_party_hw_drivers_4.4.1/driver/public/mikroe/microsd/src/sl_sdc_sd_card.o
                0x00005dd4                sd_card_disk_status
 .text.sd_card_disk_read
                0x00005de0       0x7c ./third_party_hw_drivers_4.4.1/driver/public/mikroe/microsd/src/sl_sdc_sd_card.o
                0x00005de0                sd_card_disk_read
 .text.sd_card_disk_write
                0x00005e5c       0x94 ./third_party_hw_drivers_4.4.1/driver/public/mikroe/microsd/src/sl_sdc_sd_card.o
                0x00005e5c                sd_card_disk_write
 .text.sd_card_disk_ioctl
                0x00005ef0      0x254 ./third_party_hw_drivers_4.4.1/driver/public/mikroe/microsd/src/sl_sdc_sd_card.o
                0x00005ef0                sd_card_disk_ioctl
 .text.sd_card_spi_init
                0x00006144       0x74 ./third_party_hw_drivers_4.4.1/driver/public/mikroe/microsd/src/sl_sdc_sd_card.o
                0x00006144                sd_card_spi_init
 .text.disk_timerproc
                0x000061b8       0x4c ./third_party_hw_drivers_4.4.1/driver/public/mikroe/microsd/src/sl_sdc_sd_card.o
                0x000061b8                disk_timerproc
 .text.get_fattime
                0x00006204       0x3c ./third_party_hw_drivers_4.4.1/driver/public/silabs/services_fatfs/src/sl_sdc_media.o
                0x00006204                get_fattime
 .text.check_fs
                0x00006240       0xc0 ./third_party_hw_drivers_4.4.1/driver/thirdparty/fatfs/ff.o
 .text.mount_volume
                0x00006300      0x228 ./third_party_hw_drivers_4.4.1/driver/thirdparty/fatfs/ff.o
 .text.follow_path
                0x00006528      0x188 ./third_party_hw_drivers_4.4.1/driver/thirdparty/fatfs/ff.o
 .text.f_mount  0x000066b0       0x50 ./third_party_hw_drivers_4.4.1/driver/thirdparty/fatfs/ff.o
                0x000066b0                f_mount
 .text          0x00006700       0x30 d:/siliconlabs/simplicitystudio/v5/developer/toolchains/gnu_arm/12.2.rel1_2023.7/bin/../lib/gcc/arm-none-eabi/12.2.1/thumb/v8-m.main+fp/hard\libgcc.a(_aeabi_uldivmod.o)
                0x00006700                __aeabi_uldivmod
 .text.__udivmoddi4
                0x00006730      0x2ec d:/siliconlabs/simplicitystudio/v5/developer/toolchains/gnu_arm/12.2.rel1_2023.7/bin/../lib/gcc/arm-none-eabi/12.2.1/thumb/v8-m.main+fp/hard\libgcc.a(_udivmoddi4.o)
                0x00006730                __udivmoddi4
 .text          0x00006a1c        0x4 d:/siliconlabs/simplicitystudio/v5/developer/toolchains/gnu_arm/12.2.rel1_2023.7/bin/../lib/gcc/arm-none-eabi/12.2.1/thumb/v8-m.main+fp/hard\libgcc.a(_dvmd_tls.o)
                0x00006a1c                __aeabi_idiv0
                0x00006a1c                __aeabi_ldiv0
 .text.exit     0x00006a20       0x24 d:/siliconlabs/simplicitystudio/v5/developer/toolchains/gnu_arm/12.2.rel1_2023.7/bin/../lib/gcc/arm-none-eabi/12.2.1/thumb/v8-m.main+fp/hard\libc_nano.a(libc_a-exit.o)
                0x00006a20                exit
 .text._strtol_l.constprop.0
                0x00006a44       0xfc d:/siliconlabs/simplicitystudio/v5/developer/toolchains/gnu_arm/12.2.rel1_2023.7/bin/../lib/gcc/arm-none-eabi/12.2.1/thumb/v8-m.main+fp/hard\libc_nano.a(libc_a-strtol.o)
 .text.strtol   0x00006b40       0x14 d:/siliconlabs/simplicitystudio/v5/developer/toolchains/gnu_arm/12.2.rel1_2023.7/bin/../lib/gcc/arm-none-eabi/12.2.1/thumb/v8-m.main+fp/hard\libc_nano.a(libc_a-strtol.o)
                0x00006b40                strtol
 .text._strtoul_l.constprop.0
                0x00006b54       0xe4 d:/siliconlabs/simplicitystudio/v5/developer/toolchains/gnu_arm/12.2.rel1_2023.7/bin/../lib/gcc/arm-none-eabi/12.2.1/thumb/v8-m.main+fp/hard\libc_nano.a(libc_a-strtoul.o)
 .text.strtoul  0x00006c38       0x14 d:/siliconlabs/simplicitystudio/v5/developer/toolchains/gnu_arm/12.2.rel1_2023.7/bin/../lib/gcc/arm-none-eabi/12.2.1/thumb/v8-m.main+fp/hard\libc_nano.a(libc_a-strtoul.o)
                0x00006c38                strtoul
 .text._strtoll_l.constprop.0
                0x00006c4c      0x128 d:/siliconlabs/simplicitystudio/v5/developer/toolchains/gnu_arm/12.2.rel1_2023.7/bin/../lib/gcc/arm-none-eabi/12.2.1/thumb/v8-m.main+fp/hard\libc_nano.a(libc_a-strtoll.o)
 .text.strtoll  0x00006d74       0x14 d:/siliconlabs/simplicitystudio/v5/developer/toolchains/gnu_arm/12.2.rel1_2023.7/bin/../lib/gcc/arm-none-eabi/12.2.1/thumb/v8-m.main+fp/hard\libc_nano.a(libc_a-strtoll.o)
                0x00006d74                strtoll
 .text.std      0x00006d88       0x6c d:/siliconlabs/simplicitystudio/v5/developer/toolchains/gnu_arm/12.2.rel1_2023.7/bin/../lib/gcc/arm-none-eabi/12.2.1/thumb/v8-m.main+fp/hard\libc_nano.a(libc_a-findfp.o)
 .text.stdio_exit_handler
                0x00006df4       0x18 d:/siliconlabs/simplicitystudio/v5/developer/toolchains/gnu_arm/12.2.rel1_2023.7/bin/../lib/gcc/arm-none-eabi/12.2.1/thumb/v8-m.main+fp/hard\libc_nano.a(libc_a-findfp.o)
 .text.cleanup_stdio
                0x00006e0c       0x40 d:/siliconlabs/simplicitystudio/v5/developer/toolchains/gnu_arm/12.2.rel1_2023.7/bin/../lib/gcc/arm-none-eabi/12.2.1/thumb/v8-m.main+fp/hard\libc_nano.a(libc_a-findfp.o)
 .text.global_stdio_init.part.0
                0x00006e4c       0x3c d:/siliconlabs/simplicitystudio/v5/developer/toolchains/gnu_arm/12.2.rel1_2023.7/bin/../lib/gcc/arm-none-eabi/12.2.1/thumb/v8-m.main+fp/hard\libc_nano.a(libc_a-findfp.o)
 .text.__sfp_lock_acquire
                0x00006e88        0xc d:/siliconlabs/simplicitystudio/v5/developer/toolchains/gnu_arm/12.2.rel1_2023.7/bin/../lib/gcc/arm-none-eabi/12.2.1/thumb/v8-m.main+fp/hard\libc_nano.a(libc_a-findfp.o)
                0x00006e88                __sfp_lock_acquire
 .text.__sfp_lock_release
                0x00006e94        0xc d:/siliconlabs/simplicitystudio/v5/developer/toolchains/gnu_arm/12.2.rel1_2023.7/bin/../lib/gcc/arm-none-eabi/12.2.1/thumb/v8-m.main+fp/hard\libc_nano.a(libc_a-findfp.o)
                0x00006e94                __sfp_lock_release
 .text.__sinit  0x00006ea0       0x30 d:/siliconlabs/simplicitystudio/v5/developer/toolchains/gnu_arm/12.2.rel1_2023.7/bin/../lib/gcc/arm-none-eabi/12.2.1/thumb/v8-m.main+fp/hard\libc_nano.a(libc_a-findfp.o)
                0x00006ea0                __sinit
 .text.printf   0x00006ed0       0x24 d:/siliconlabs/simplicitystudio/v5/developer/toolchains/gnu_arm/12.2.rel1_2023.7/bin/../lib/gcc/arm-none-eabi/12.2.1/thumb/v8-m.main+fp/hard\libc_nano.a(libc_a-printf.o)
                0x00006ed0                iprintf
                0x00006ed0                printf
 .text.puts     0x00006ef4       0x10 d:/siliconlabs/simplicitystudio/v5/developer/toolchains/gnu_arm/12.2.rel1_2023.7/bin/../lib/gcc/arm-none-eabi/12.2.1/thumb/v8-m.main+fp/hard\libc_nano.a(libc_a-puts.o)
                0x00006ef4                puts
 .text.setvbuf  0x00006f04      0x168 d:/siliconlabs/simplicitystudio/v5/developer/toolchains/gnu_arm/12.2.rel1_2023.7/bin/../lib/gcc/arm-none-eabi/12.2.1/thumb/v8-m.main+fp/hard\libc_nano.a(libc_a-setvbuf.o)
                0x00006f04                setvbuf
 .text.vprintf  0x0000706c       0x14 d:/siliconlabs/simplicitystudio/v5/developer/toolchains/gnu_arm/12.2.rel1_2023.7/bin/../lib/gcc/arm-none-eabi/12.2.1/thumb/v8-m.main+fp/hard\libc_nano.a(libc_a-vprintf.o)
                0x0000706c                viprintf
                0x0000706c                vprintf
 .text.__swsetup_r
                0x00007080       0xac d:/siliconlabs/simplicitystudio/v5/developer/toolchains/gnu_arm/12.2.rel1_2023.7/bin/../lib/gcc/arm-none-eabi/12.2.1/thumb/v8-m.main+fp/hard\libc_nano.a(libc_a-wsetup.o)
                0x00007080                __swsetup_r
 .text._close_r
                0x0000712c       0x20 d:/siliconlabs/simplicitystudio/v5/developer/toolchains/gnu_arm/12.2.rel1_2023.7/bin/../lib/gcc/arm-none-eabi/12.2.1/thumb/v8-m.main+fp/hard\libc_nano.a(libc_a-closer.o)
                0x0000712c                _close_r
 .text._lseek_r
                0x0000714c       0x24 d:/siliconlabs/simplicitystudio/v5/developer/toolchains/gnu_arm/12.2.rel1_2023.7/bin/../lib/gcc/arm-none-eabi/12.2.1/thumb/v8-m.main+fp/hard\libc_nano.a(libc_a-lseekr.o)
                0x0000714c                _lseek_r
 .text._read_r  0x00007170       0x24 d:/siliconlabs/simplicitystudio/v5/developer/toolchains/gnu_arm/12.2.rel1_2023.7/bin/../lib/gcc/arm-none-eabi/12.2.1/thumb/v8-m.main+fp/hard\libc_nano.a(libc_a-readr.o)
                0x00007170                _read_r
 .text._write_r
                0x00007194       0x24 d:/siliconlabs/simplicitystudio/v5/developer/toolchains/gnu_arm/12.2.rel1_2023.7/bin/../lib/gcc/arm-none-eabi/12.2.1/thumb/v8-m.main+fp/hard\libc_nano.a(libc_a-writer.o)
                0x00007194                _write_r
 .text.__errno  0x000071b8        0xc d:/siliconlabs/simplicitystudio/v5/developer/toolchains/gnu_arm/12.2.rel1_2023.7/bin/../lib/gcc/arm-none-eabi/12.2.1/thumb/v8-m.main+fp/hard\libc_nano.a(libc_a-errno.o)
                0x000071b8                __errno
 .text.__libc_init_array
                0x000071c4       0x48 d:/siliconlabs/simplicitystudio/v5/developer/toolchains/gnu_arm/12.2.rel1_2023.7/bin/../lib/gcc/arm-none-eabi/12.2.1/thumb/v8-m.main+fp/hard\libc_nano.a(libc_a-init.o)
                0x000071c4                __libc_init_array
 .text._free_r  0x0000720c       0x94 d:/siliconlabs/simplicitystudio/v5/developer/toolchains/gnu_arm/12.2.rel1_2023.7/bin/../lib/gcc/arm-none-eabi/12.2.1/thumb/v8-m.main+fp/hard\libc_nano.a(libc_a-freer.o)
                0x0000720c                _free_r
 .text.malloc   0x000072a0       0x10 d:/siliconlabs/simplicitystudio/v5/developer/toolchains/gnu_arm/12.2.rel1_2023.7/bin/../lib/gcc/arm-none-eabi/12.2.1/thumb/v8-m.main+fp/hard\libc_nano.a(libc_a-malloc.o)
                0x000072a0                malloc
 .text.sbrk_aligned
                0x000072b0       0x44 d:/siliconlabs/simplicitystudio/v5/developer/toolchains/gnu_arm/12.2.rel1_2023.7/bin/../lib/gcc/arm-none-eabi/12.2.1/thumb/v8-m.main+fp/hard\libc_nano.a(libc_a-mallocr.o)
 .text._malloc_r
                0x000072f4       0xf0 d:/siliconlabs/simplicitystudio/v5/developer/toolchains/gnu_arm/12.2.rel1_2023.7/bin/../lib/gcc/arm-none-eabi/12.2.1/thumb/v8-m.main+fp/hard\libc_nano.a(libc_a-mallocr.o)
                0x000072f4                _malloc_r
 .text.__malloc_lock
                0x000073e4        0xc d:/siliconlabs/simplicitystudio/v5/developer/toolchains/gnu_arm/12.2.rel1_2023.7/bin/../lib/gcc/arm-none-eabi/12.2.1/thumb/v8-m.main+fp/hard\libc_nano.a(libc_a-mlock.o)
                0x000073e4                __malloc_lock
 .text.__malloc_unlock
                0x000073f0        0xc d:/siliconlabs/simplicitystudio/v5/developer/toolchains/gnu_arm/12.2.rel1_2023.7/bin/../lib/gcc/arm-none-eabi/12.2.1/thumb/v8-m.main+fp/hard\libc_nano.a(libc_a-mlock.o)
                0x000073f0                __malloc_unlock
 .text._vfprintf_r
                0x000073fc      0x230 d:/siliconlabs/simplicitystudio/v5/developer/toolchains/gnu_arm/12.2.rel1_2023.7/bin/../lib/gcc/arm-none-eabi/12.2.1/thumb/v8-m.main+fp/hard\libc_nano.a(libc_a-nano-vfprintf.o)
                0x000073fc                _vfprintf_r
                0x000073fc                _vfiprintf_r
 .text._printf_i
                0x0000762c      0x258 d:/siliconlabs/simplicitystudio/v5/developer/toolchains/gnu_arm/12.2.rel1_2023.7/bin/../lib/gcc/arm-none-eabi/12.2.1/thumb/v8-m.main+fp/hard\libc_nano.a(libc_a-nano-vfprintf_i.o)
                0x0000762c                _printf_i
 .text._fstat_r
                0x00007884       0x24 d:/siliconlabs/simplicitystudio/v5/developer/toolchains/gnu_arm/12.2.rel1_2023.7/bin/../lib/gcc/arm-none-eabi/12.2.1/thumb/v8-m.main+fp/hard\libc_nano.a(libc_a-fstatr.o)
                0x00007884                _fstat_r
 .text._isatty_r
                0x000078a8       0x20 d:/siliconlabs/simplicitystudio/v5/developer/toolchains/gnu_arm/12.2.rel1_2023.7/bin/../lib/gcc/arm-none-eabi/12.2.1/thumb/v8-m.main+fp/hard\libc_nano.a(libc_a-isattyr.o)
                0x000078a8                _isatty_r
 .text._sbrk_r  0x000078c8       0x20 d:/siliconlabs/simplicitystudio/v5/developer/toolchains/gnu_arm/12.2.rel1_2023.7/bin/../lib/gcc/arm-none-eabi/12.2.1/thumb/v8-m.main+fp/hard\libc_nano.a(libc_a-sbrkr.o)
                0x000078c8                _sbrk_r
 .text.app_process_action
                0x000078e8        0x2 ./app.o
                0x000078e8                app_process_action
 .text.startup.main
                0x000078ea       0x14 ./main.o
                0x000078ea                main
 .text.sl_board_default_init
                0x000078fe        0x2 ./autogen/sl_board_default_init.o
                0x000078fe                sl_board_default_init
 .text.sli_driver_permanent_allocation
                0x00007900        0x2 ./autogen/sl_event_handler.o
                0x00007900                sli_driver_permanent_allocation
 .text.sli_service_permanent_allocation
                0x00007902        0x2 ./autogen/sl_event_handler.o
                0x00007902                sli_service_permanent_allocation
 .text.sli_stack_permanent_allocation
                0x00007904        0x2 ./autogen/sl_event_handler.o
                0x00007904                sli_stack_permanent_allocation
 .text.sli_internal_permanent_allocation
                0x00007906        0x2 ./autogen/sl_event_handler.o
                0x00007906                sli_internal_permanent_allocation
 .text.sl_platform_init
                0x00007908       0x12 ./autogen/sl_event_handler.o
                0x00007908                sl_platform_init
 .text.sli_internal_init_early
                0x0000791a        0x2 ./autogen/sl_event_handler.o
                0x0000791a                sli_internal_init_early
 .text.sl_driver_init
                0x0000791c       0x1a ./autogen/sl_event_handler.o
                0x0000791c                sl_driver_init
 .text.sl_service_init
                0x00007936       0x1a ./autogen/sl_event_handler.o
                0x00007936                sl_service_init
 .text.sl_stack_init
                0x00007950        0x2 ./autogen/sl_event_handler.o
                0x00007950                sl_stack_init
 .text.sl_internal_app_init
                0x00007952        0x4 ./autogen/sl_event_handler.o
                0x00007952                sl_internal_app_init
 .text.sli_platform_process_action
                0x00007956        0x2 ./autogen/sl_event_handler.o
                0x00007956                sli_platform_process_action
 .text.sli_service_process_action
                0x00007958        0x4 ./autogen/sl_event_handler.o
                0x00007958                sli_service_process_action
 .text.sli_stack_process_action
                0x0000795c        0x2 ./autogen/sl_event_handler.o
                0x0000795c                sli_stack_process_action
 .text.sli_internal_app_process_action
                0x0000795e        0x2 ./autogen/sl_event_handler.o
                0x0000795e                sli_internal_app_process_action
 .text.sl_iostream_eusart_init_instances
                0x00007960        0x4 ./autogen/sl_iostream_init_eusart_instances.o
                0x00007960                sl_iostream_eusart_init_instances
 .text.EUART0_TX_IRQHandler
                0x00007964        0x4 ./autogen/sl_iostream_init_eusart_instances.o
                0x00007964                EUART0_TX_IRQHandler
 .text._app_log_time
                0x00007968        0x2 ./simplicity_sdk_2025.6.2/app/common/util/app_log/app_log.o
                0x00007968                _app_log_time
 .text._app_log_counter
                0x0000796a        0x2 ./simplicity_sdk_2025.6.2/app/common/util/app_log/app_log.o
                0x0000796a                _app_log_counter
 .text.sl_board_configure_vcom
                0x0000796c        0x4 ./simplicity_sdk_2025.6.2/hardware/board/src/sl_board_control_gpio.o
                0x0000796c                sl_board_configure_vcom
 .text.sli_cos_swo_itm_8_write.constprop.0.isra.0
                0x00007970       0x78 ./simplicity_sdk_2025.6.2/hardware/driver/configuration_over_swo/src/sl_cos.o
 .text.sl_cos_send_config
                0x000079e8       0x12 ./simplicity_sdk_2025.6.2/hardware/driver/configuration_over_swo/src/sl_cos.o
                0x000079e8                sl_cos_send_config
 .text.sl_cos_config_vcom
                0x000079fa       0x1c ./simplicity_sdk_2025.6.2/hardware/driver/configuration_over_swo/src/sl_cos.o
                0x000079fa                sl_cos_config_vcom
 .text.Default_Handler
                0x00007a16        0x2 ./simplicity_sdk_2025.6.2/platform/Device/SiliconLabs/BGM22/Source/startup_bgm22.o
                0x00007a16                ULFRCO_IRQHandler
                0x00007a16                SW2_IRQHandler
                0x00007a16                TIMER2_IRQHandler
                0x00007a16                DebugMon_Handler
                0x00007a16                PKE_IRQHandler
                0x00007a16                USART0_TX_IRQHandler
                0x00007a16                PRORTC_IRQHandler
                0x00007a16                IADC_IRQHandler
                0x00007a16                I2C0_IRQHandler
                0x00007a16                LFXO_IRQHandler
                0x00007a16                CRYPTOACC_IRQHandler
                0x00007a16                HardFault_Handler
                0x00007a16                SMU_SECURE_IRQHandler
                0x00007a16                SysTick_Handler
                0x00007a16                USART1_RX_IRQHandler
                0x00007a16                EMUEFP_IRQHandler
                0x00007a16                PendSV_Handler
                0x00007a16                NMI_Handler
                0x00007a16                SYNTH_IRQHandler
                0x00007a16                HFXO0_IRQHandler
                0x00007a16                I2C1_IRQHandler
                0x00007a16                PDM_IRQHandler
                0x00007a16                WDOG0_IRQHandler
                0x00007a16                TIMER3_IRQHandler
                0x00007a16                SYSCFG_IRQHandler
                0x00007a16                EMUSE_IRQHandler
                0x00007a16                EMUDG_IRQHandler
                0x00007a16                USART1_TX_IRQHandler
                0x00007a16                MSC_IRQHandler
                0x00007a16                DPLL0_IRQHandler
                0x00007a16                UsageFault_Handler
                0x00007a16                M33CTI1_IRQHandler
                0x00007a16                TIMER4_IRQHandler
                0x00007a16                SW0_IRQHandler
                0x00007a16                TIMER0_IRQHandler
                0x00007a16                LETIMER0_IRQHandler
                0x00007a16                TIMER1_IRQHandler
                0x00007a16                HFRCO0_IRQHandler
                0x00007a16                RFSENSE_IRQHandler
                0x00007a16                SecureFault_Handler
                0x00007a16                BUFC_IRQHandler
                0x00007a16                DCDC_IRQHandler
                0x00007a16                MODEM_IRQHandler
                0x00007a16                Default_Handler
                0x00007a16                RAC_SEQ_IRQHandler
                0x00007a16                FRC_PRI_IRQHandler
                0x00007a16                EMU_IRQHandler
                0x00007a16                SW3_IRQHandler
                0x00007a16                KERNEL0_IRQHandler
                0x00007a16                FRC_IRQHandler
                0x00007a16                KERNEL1_IRQHandler
                0x00007a16                AGC_IRQHandler
                0x00007a16                sl_app_properties
                0x00007a16                BURTC_IRQHandler
                0x00007a16                LFRCO_IRQHandler
                0x00007a16                USART0_RX_IRQHandler
                0x00007a16                MemManage_Handler
                0x00007a16                RDMAILBOX_IRQHandler
                0x00007a16                SVC_Handler
                0x00007a16                SMU_S_PRIVILEGED_IRQHandler
                0x00007a16                SW1_IRQHandler
                0x00007a16                CMU_IRQHandler
                0x00007a16                RAC_RSM_IRQHandler
                0x00007a16                AES_IRQHandler
                0x00007a16                M33CTI0_IRQHandler
                0x00007a16                ICACHE0_IRQHandler
                0x00007a16                SMU_NS_PRIVILEGED_IRQHandler
                0x00007a16                PROTIMER_IRQHandler
                0x00007a16                BusFault_Handler
                0x00007a16                TRNG_IRQHandler
 .text.CopyMemory
                0x00007a18       0x1a ./simplicity_sdk_2025.6.2/platform/Device/SiliconLabs/BGM22/Source/startup_bgm22.o
                0x00007a18                CopyMemory
 .text.assertEFM
                0x00007a32        0x2 ./simplicity_sdk_2025.6.2/platform/common/src/sl_assert.o
                0x00007a32                assertEFM
 .text.sl_slist_init
                0x00007a34        0x6 ./simplicity_sdk_2025.6.2/platform/common/src/sl_slist.o
                0x00007a34                sl_slist_init
 .text.sl_strcpy_s
                0x00007a3a       0x22 ./simplicity_sdk_2025.6.2/platform/common/src/sl_string.o
                0x00007a3a                sl_strcpy_s
 .text.sl_strnlen
                0x00007a5c       0x16 ./simplicity_sdk_2025.6.2/platform/common/src/sl_string.o
                0x00007a5c                sl_strnlen
 .text.sl_strlen
                0x00007a72        0x8 ./simplicity_sdk_2025.6.2/platform/common/src/sl_string.o
                0x00007a72                sl_strlen
 .text.sl_strcat_s
                0x00007a7a       0x26 ./simplicity_sdk_2025.6.2/platform/common/src/sl_string.o
                0x00007a7a                sl_strcat_s
 .text.sl_debug_swo_enable_itm
                0x00007aa0       0x16 ./simplicity_sdk_2025.6.2/platform/driver/debug/src/sl_debug_swo.o
                0x00007aa0                sl_debug_swo_enable_itm
 .text.sl_debug_swo_disable_itm
                0x00007ab6       0x18 ./simplicity_sdk_2025.6.2/platform/driver/debug/src/sl_debug_swo.o
                0x00007ab6                sl_debug_swo_disable_itm
 .text.sl_led_init
                0x00007ace        0x6 ./simplicity_sdk_2025.6.2/platform/driver/leddrv/src/sl_led.o
                0x00007ace                sl_led_init
 .text.sl_led_turn_on
                0x00007ad4        0x6 ./simplicity_sdk_2025.6.2/platform/driver/leddrv/src/sl_led.o
                0x00007ad4                sl_led_turn_on
 .text.sl_led_turn_off
                0x00007ada        0x6 ./simplicity_sdk_2025.6.2/platform/driver/leddrv/src/sl_led.o
                0x00007ada                sl_led_turn_off
 .text.sl_led_toggle
                0x00007ae0        0x6 ./simplicity_sdk_2025.6.2/platform/driver/leddrv/src/sl_led.o
                0x00007ae0                sl_led_toggle
 .text.sl_simple_led_turn_on
                0x00007ae6       0x24 ./simplicity_sdk_2025.6.2/platform/driver/leddrv/src/sl_simple_led.o
                0x00007ae6                sl_simple_led_turn_on
 .text.sl_simple_led_turn_off
                0x00007b0a       0x24 ./simplicity_sdk_2025.6.2/platform/driver/leddrv/src/sl_simple_led.o
                0x00007b0a                sl_simple_led_turn_off
 .text.sl_simple_led_toggle
                0x00007b2e       0x1a ./simplicity_sdk_2025.6.2/platform/driver/leddrv/src/sl_simple_led.o
                0x00007b2e                sl_simple_led_toggle
 .text.sl_simple_led_get_state
                0x00007b48       0x2a ./simplicity_sdk_2025.6.2/platform/driver/leddrv/src/sl_simple_led.o
                0x00007b48                sl_simple_led_get_state
 .text.DMADRV_MemoryPeripheral
                0x00007b72       0x34 ./simplicity_sdk_2025.6.2/platform/emdrv/dmadrv/src/dmadrv.o
                0x00007b72                DMADRV_MemoryPeripheral
 .text.DMADRV_PeripheralMemory
                0x00007ba6       0x34 ./simplicity_sdk_2025.6.2/platform/emdrv/dmadrv/src/dmadrv.o
                0x00007ba6                DMADRV_PeripheralMemory
 .text.ConfigGPIO
                0x00007bda       0xea ./simplicity_sdk_2025.6.2/platform/emdrv/spidrv/src/spidrv.o
 .text.WaitForTransferCompletion
                0x00007cc4       0x24 ./simplicity_sdk_2025.6.2/platform/emdrv/spidrv/src/spidrv.o
 .text.waitStateMax
                0x00007ce8       0x10 ./simplicity_sdk_2025.6.2/platform/emlib/src/em_cmu.o
 .text.CMU_UpdateWaitStates
                0x00007cf8        0xc ./simplicity_sdk_2025.6.2/platform/emlib/src/em_cmu.o
                0x00007cf8                CMU_UpdateWaitStates
 .text.pclkDivMax
                0x00007d04        0xa ./simplicity_sdk_2025.6.2/platform/emlib/src/em_cmu.o
 .text.EMU_EFPEM01VScale
                0x00007d0e        0x2 ./simplicity_sdk_2025.6.2/platform/emlib/src/em_emu.o
                0x00007d0e                EMU_EFPEM01VScale
 .text.EMU_DCDCUpdatedHook
                0x00007d10        0x2 ./simplicity_sdk_2025.6.2/platform/emlib/src/em_emu.o
                0x00007d10                EMU_DCDCUpdatedHook
 .text.eusart_sync
                0x00007d12        0x8 ./simplicity_sdk_2025.6.2/platform/emlib/src/em_eusart.o
 .text.EUSART_Disable
                0x00007d1a       0x3a ./simplicity_sdk_2025.6.2/platform/emlib/src/em_eusart.o
 .text.EUSART_Tx
                0x00007d54        0xa ./simplicity_sdk_2025.6.2/platform/emlib/src/em_eusart.o
                0x00007d54                EUSART_Tx
 .text.BUS_RegMaskedWrite
                0x00007d5e       0x1e ./simplicity_sdk_2025.6.2/platform/emlib/src/em_gpio.o
 .text.RTCC_SyncWait
                0x00007d7c       0x10 ./simplicity_sdk_2025.6.2/platform/emlib/src/em_rtcc.o
 .text.sl_hal_bus_reg_write_mask
                0x00007d8c       0x1e ./simplicity_sdk_2025.6.2/platform/peripheral/src/sl_hal_gpio.o
 .text.sli_cli_session_activity_notification
                0x00007daa        0x2 ./simplicity_sdk_2025.6.2/platform/service/cli/src/sl_cli.o
                0x00007daa                sli_cli_session_activity_notification
 .text.sli_cli_session_init
                0x00007dac        0x4 ./simplicity_sdk_2025.6.2/platform/service/cli/src/sl_cli.o
                0x00007dac                sli_cli_session_init
 .text.sli_cli_session_handler
                0x00007db0        0x4 ./simplicity_sdk_2025.6.2/platform/service/cli/src/sl_cli.o
                0x00007db0                sli_cli_session_handler
 .text.sli_cli_handle_input_and_history
                0x00007db4       0x26 ./simplicity_sdk_2025.6.2/platform/service/cli/src/sl_cli.o
                0x00007db4                sli_cli_handle_input_and_history
 .text.sl_cli_instance_init
                0x00007dda       0x28 ./simplicity_sdk_2025.6.2/platform/service/cli/src/sl_cli.o
                0x00007dda                sl_cli_instance_init
 .text.sl_cli_tick_instance
                0x00007e02        0x8 ./simplicity_sdk_2025.6.2/platform/service/cli/src/sl_cli.o
                0x00007e02                sl_cli_tick_instance
 .text.sli_cli_arguments_validate_int
                0x00007e0a       0x12 ./simplicity_sdk_2025.6.2/platform/service/cli/src/sl_cli_arguments.o
                0x00007e0a                sli_cli_arguments_validate_int
 .text.sli_cli_validate_argument
                0x00007e1c       0x40 ./simplicity_sdk_2025.6.2/platform/service/cli/src/sl_cli_arguments.o
                0x00007e1c                sli_cli_validate_argument
 .text.sli_cli_arguments_convert_single
                0x00007e5c       0xfc ./simplicity_sdk_2025.6.2/platform/service/cli/src/sl_cli_arguments.o
                0x00007e5c                sli_cli_arguments_convert_single
 .text.sli_cli_arguments_convert_multiple
                0x00007f58       0xf8 ./simplicity_sdk_2025.6.2/platform/service/cli/src/sl_cli_arguments.o
                0x00007f58                sli_cli_arguments_convert_multiple
 .text.scan_entry
                0x00008050       0x90 ./simplicity_sdk_2025.6.2/platform/service/cli/src/sl_cli_command.o
 .text.cmd_help_group
                0x000080e0       0x18 ./simplicity_sdk_2025.6.2/platform/service/cli/src/sl_cli_command.o
 .text.sli_cli_pre_cmd_hook
                0x000080f8        0x2 ./simplicity_sdk_2025.6.2/platform/service/cli/src/sl_cli_command.o
                0x000080f8                sli_cli_pre_cmd_hook
 .text.sli_cli_post_cmd_hook
                0x000080fa        0x2 ./simplicity_sdk_2025.6.2/platform/service/cli/src/sl_cli_command.o
                0x000080fa                sli_cli_post_cmd_hook
 .text.sl_cli_command_add_command_group
                0x000080fc       0x1a ./simplicity_sdk_2025.6.2/platform/service/cli/src/sl_cli_command.o
                0x000080fc                sl_cli_command_add_command_group
 .text.sl_cli_command_execute
                0x00008116       0xae ./simplicity_sdk_2025.6.2/platform/service/cli/src/sl_cli_command.o
                0x00008116                sl_cli_command_execute
 .text.history_get_count
                0x000081c4       0x28 ./simplicity_sdk_2025.6.2/platform/service/cli/src/sl_cli_input.o
 .text.history_get_ofs
                0x000081ec       0x64 ./simplicity_sdk_2025.6.2/platform/service/cli/src/sl_cli_input.o
 .text.sl_cli_input_clear
                0x00008250       0x16 ./simplicity_sdk_2025.6.2/platform/service/cli/src/sl_cli_input.o
                0x00008250                sl_cli_input_clear
 .text.sli_cli_input_update_history
                0x00008266       0x86 ./simplicity_sdk_2025.6.2/platform/service/cli/src/sl_cli_input.o
                0x00008266                sli_cli_input_update_history
 .text.sl_cli_input_get_history
                0x000082ec       0x80 ./simplicity_sdk_2025.6.2/platform/service/cli/src/sl_cli_input.o
                0x000082ec                sl_cli_input_get_history
 .text.sli_cli_io_getchar
                0x0000836c       0x1e ./simplicity_sdk_2025.6.2/platform/service/cli/src/sl_cli_io.o
                0x0000836c                sli_cli_io_getchar
 .text.sli_cli_io_putchar
                0x0000838a       0x18 ./simplicity_sdk_2025.6.2/platform/service/cli/src/sl_cli_io.o
                0x0000838a                sli_cli_io_putchar
 .text.sli_cli_io_printf
                0x000083a2       0x1e ./simplicity_sdk_2025.6.2/platform/service/cli/src/sl_cli_io.o
                0x000083a2                sli_cli_io_printf
 .text.escape   0x000083c0       0x26 ./simplicity_sdk_2025.6.2/platform/service/cli/src/sl_cli_tokenize.o
 .text.sl_cli_tokenize
                0x000083e6       0xe2 ./simplicity_sdk_2025.6.2/platform/service/cli/src/sl_cli_tokenize.o
                0x000083e6                sl_cli_tokenize
 .text.sl_clock_manager_runtime_init
                0x000084c8        0x4 ./simplicity_sdk_2025.6.2/platform/service/clock_manager/src/sl_clock_manager.o
                0x000084c8                sl_clock_manager_runtime_init
 .text.sli_clock_manager_hal_runtime_init
                0x000084cc        0x4 ./simplicity_sdk_2025.6.2/platform/service/clock_manager/src/sl_clock_manager_hal_s2.o
                0x000084cc                sli_clock_manager_hal_runtime_init
 .text.sl_clock_manager_init
                0x000084d0        0x4 ./simplicity_sdk_2025.6.2/platform/service/clock_manager/src/sl_clock_manager_init.o
                0x000084d0                sl_clock_manager_init
 .text.sl_iostream_write
                0x000084d4       0x22 ./simplicity_sdk_2025.6.2/platform/service/iostream/src/sl_iostream.o
                0x000084d4                sl_iostream_write
 .text.sl_iostream_read
                0x000084f6       0x30 ./simplicity_sdk_2025.6.2/platform/service/iostream/src/sl_iostream.o
                0x000084f6                sl_iostream_read
 .text.sl_iostream_putchar
                0x00008526       0x16 ./simplicity_sdk_2025.6.2/platform/service/iostream/src/sl_iostream.o
                0x00008526                sl_iostream_putchar
 .text.sl_iostream_getchar
                0x0000853c        0x8 ./simplicity_sdk_2025.6.2/platform/service/iostream/src/sl_iostream.o
                0x0000853c                sl_iostream_getchar
 .text.sl_iostream_vprintf
                0x00008544       0x44 ./simplicity_sdk_2025.6.2/platform/service/iostream/src/sl_iostream.o
                0x00008544                sl_iostream_vprintf
 .text.sl_iostream_printf
                0x00008588       0x1a ./simplicity_sdk_2025.6.2/platform/service/iostream/src/sl_iostream.o
                0x00008588                sl_iostream_printf
 .text.eusart_rx
                0x000085a2       0x16 ./simplicity_sdk_2025.6.2/platform/service/iostream/src/sl_iostream_eusart.o
 .text.eusart_deinit
                0x000085b8       0x7c ./simplicity_sdk_2025.6.2/platform/service/iostream/src/sl_iostream_eusart.o
 .text.eusart_tx
                0x00008634       0x10 ./simplicity_sdk_2025.6.2/platform/service/iostream/src/sl_iostream_eusart.o
 .text._close   0x00008644        0x4 ./simplicity_sdk_2025.6.2/platform/service/iostream/src/sl_iostream_retarget_stdio.o
                0x00008644                _close
 .text._exit    0x00008648        0x2 ./simplicity_sdk_2025.6.2/platform/service/iostream/src/sl_iostream_retarget_stdio.o
                0x00008648                _exit
 .text._fstat   0x0000864a        0xa ./simplicity_sdk_2025.6.2/platform/service/iostream/src/sl_iostream_retarget_stdio.o
                0x0000864a                _fstat
 .text._isatty  0x00008654        0x4 ./simplicity_sdk_2025.6.2/platform/service/iostream/src/sl_iostream_retarget_stdio.o
                0x00008654                _isatty
 .text._lseek   0x00008658        0x4 ./simplicity_sdk_2025.6.2/platform/service/iostream/src/sl_iostream_retarget_stdio.o
                0x00008658                _lseek
 .text._read    0x0000865c       0x1c ./simplicity_sdk_2025.6.2/platform/service/iostream/src/sl_iostream_retarget_stdio.o
                0x0000865c                _read
 .text.set_auto_cr_lf
                0x00008678        0x6 ./simplicity_sdk_2025.6.2/platform/service/iostream/src/sl_iostream_uart.o
 .text.get_auto_cr_lf
                0x0000867e        0x6 ./simplicity_sdk_2025.6.2/platform/service/iostream/src/sl_iostream_uart.o
 .text.__uart_async_rx_dma_callback
                0x00008684       0x70 ./simplicity_sdk_2025.6.2/platform/service/iostream/src/sl_iostream_uart.o
 .text.uart_write_async
                0x000086f4       0x46 ./simplicity_sdk_2025.6.2/platform/service/iostream/src/sl_iostream_uart.o
 .text.sli_iostream_uart_unsubscribe_to_new_data
                0x0000873a       0x1c ./simplicity_sdk_2025.6.2/platform/service/iostream/src/sl_iostream_uart.o
                0x0000873a                sli_iostream_uart_unsubscribe_to_new_data
 .text.app_init_pre_clock
                0x00008756        0x2 ./simplicity_sdk_2025.6.2/platform/service/sl_main/src/sl_main_init.o
                0x00008756                app_init_pre_clock
 .text.app_init_early
                0x00008758        0x2 ./simplicity_sdk_2025.6.2/platform/service/sl_main/src/sl_main_init.o
                0x00008758                app_init_early
 .text.sl_main_second_stage_init
                0x0000875a       0x1a ./simplicity_sdk_2025.6.2/platform/service/sl_main/src/sl_main_init.o
                0x0000875a                sl_main_second_stage_init
 .text.app_permanent_memory_alloc
                0x00008774        0x2 ./simplicity_sdk_2025.6.2/platform/service/sl_main/src/sl_main_init_memory.o
                0x00008774                app_permanent_memory_alloc
 .text.sli_allocate_permanent_memory
                0x00008776       0x18 ./simplicity_sdk_2025.6.2/platform/service/sl_main/src/sl_main_init_memory.o
                0x00008776                sli_allocate_permanent_memory
 .text.sl_main_process_action
                0x0000878e       0x16 ./simplicity_sdk_2025.6.2/platform/service/sl_main/src/sl_main_process_action.o
                0x0000878e                sl_main_process_action
 .text.number_of_leap_days
                0x000087a4       0x20 ./simplicity_sdk_2025.6.2/platform/service/sleeptimer/src/sl_sleeptimer.o
 .text.is_leap_year
                0x000087c4       0x32 ./simplicity_sdk_2025.6.2/platform/service/sleeptimer/src/sl_sleeptimer.o
 .text.sl_sleeptimer_set_datetime
                0x000087f6       0x46 ./simplicity_sdk_2025.6.2/platform/service/sleeptimer/src/sl_sleeptimer.o
                0x000087f6                sl_sleeptimer_set_datetime
 .text.sl_sleeptimer_get_datetime
                0x0000883c       0x20 ./simplicity_sdk_2025.6.2/platform/service/sleeptimer/src/sl_sleeptimer.o
                0x0000883c                sl_sleeptimer_get_datetime
 .text.sleeptimer_hal_presc_to_log2.constprop.0
                0x0000885c        0x4 ./simplicity_sdk_2025.6.2/platform/service/sleeptimer/src/sl_sleeptimer_hal_rtcc.o
 .text.drv_digital_in_init
                0x00008860       0x2c ./third_party_hw_drivers_4.4.1/driver/peripheral_drivers/mikroe/src/drv_digital_in.o
 .text.digital_in_pullup_init
                0x0000888c        0x8 ./third_party_hw_drivers_4.4.1/driver/peripheral_drivers/mikroe/src/drv_digital_in.o
                0x0000888c                digital_in_pullup_init
 .text.digital_in_read
                0x00008894       0x1a ./third_party_hw_drivers_4.4.1/driver/peripheral_drivers/mikroe/src/drv_digital_in.o
                0x00008894                digital_in_read
 .text.disk_timerproc_timer_callback
                0x000088ae        0x4 ./third_party_hw_drivers_4.4.1/driver/public/mikroe/microsd/src/sl_sdc_sd_card.o
 .text.sdc_xchg_spi
                0x000088b2       0x26 ./third_party_hw_drivers_4.4.1/driver/public/silabs/fatfs_sdc_spi_platform/src/sl_sdc_platform_spi.o
                0x000088b2                sdc_xchg_spi
 .text.sdc_xmit_spi_multi
                0x000088d8       0x16 ./third_party_hw_drivers_4.4.1/driver/public/silabs/fatfs_sdc_spi_platform/src/sl_sdc_platform_spi.o
                0x000088d8                sdc_xmit_spi_multi
 .text.sdc_rcvr_spi_multi
                0x000088ee       0x16 ./third_party_hw_drivers_4.4.1/driver/public/silabs/fatfs_sdc_spi_platform/src/sl_sdc_platform_spi.o
                0x000088ee                sdc_rcvr_spi_multi
 .text.sdc_platform_set_bit_rate
                0x00008904       0x16 ./third_party_hw_drivers_4.4.1/driver/public/silabs/fatfs_sdc_spi_platform/src/sl_sdc_platform_spi.o
                0x00008904                sdc_platform_set_bit_rate
 .text.disk_status
                0x0000891a        0xa ./third_party_hw_drivers_4.4.1/driver/public/silabs/services_fatfs/src/sl_sdc_media.o
                0x0000891a                disk_status
 .text.disk_initialize
                0x00008924        0xa ./third_party_hw_drivers_4.4.1/driver/public/silabs/services_fatfs/src/sl_sdc_media.o
                0x00008924                disk_initialize
 .text.disk_read
                0x0000892e       0x1c ./third_party_hw_drivers_4.4.1/driver/public/silabs/services_fatfs/src/sl_sdc_media.o
                0x0000892e                disk_read
 .text.disk_write
                0x0000894a       0x1c ./third_party_hw_drivers_4.4.1/driver/public/silabs/services_fatfs/src/sl_sdc_media.o
                0x0000894a                disk_write
 .text.disk_ioctl
                0x00008966       0x10 ./third_party_hw_drivers_4.4.1/driver/public/silabs/services_fatfs/src/sl_sdc_media.o
                0x00008966                disk_ioctl
 .text.ld_dword
                0x00008976        0x4 ./third_party_hw_drivers_4.4.1/driver/thirdparty/fatfs/ff.o
 .text.st_dword
                0x0000897a       0x10 ./third_party_hw_drivers_4.4.1/driver/thirdparty/fatfs/ff.o
 .text.clst2sect
                0x0000898a       0x16 ./third_party_hw_drivers_4.4.1/driver/thirdparty/fatfs/ff.o
 .text.get_ldnumber
                0x000089a0       0x2a ./third_party_hw_drivers_4.4.1/driver/thirdparty/fatfs/ff.o
 .text.validate
                0x000089ca       0x34 ./third_party_hw_drivers_4.4.1/driver/thirdparty/fatfs/ff.o
 .text.sync_window
                0x000089fe       0x42 ./third_party_hw_drivers_4.4.1/driver/thirdparty/fatfs/ff.o
 .text.st_clust
                0x00008a40       0x18 ./third_party_hw_drivers_4.4.1/driver/thirdparty/fatfs/ff.o
 .text.move_window
                0x00008a58       0x32 ./third_party_hw_drivers_4.4.1/driver/thirdparty/fatfs/ff.o
 .text.put_fat  0x00008a8a       0xf0 ./third_party_hw_drivers_4.4.1/driver/thirdparty/fatfs/ff.o
 .text.dir_clear
                0x00008b7a       0x52 ./third_party_hw_drivers_4.4.1/driver/thirdparty/fatfs/ff.o
 .text.sync_fs  0x00008bcc       0x96 ./third_party_hw_drivers_4.4.1/driver/thirdparty/fatfs/ff.o
 .text.ld_clust.isra.0
                0x00008c62       0x10 ./third_party_hw_drivers_4.4.1/driver/thirdparty/fatfs/ff.o
 .text.get_fat.isra.0
                0x00008c72       0xac ./third_party_hw_drivers_4.4.1/driver/thirdparty/fatfs/ff.o
 .text.dir_sdi.constprop.0
                0x00008d1e       0x60 ./third_party_hw_drivers_4.4.1/driver/thirdparty/fatfs/ff.o
 .text.remove_chain
                0x00008d7e       0x6e ./third_party_hw_drivers_4.4.1/driver/thirdparty/fatfs/ff.o
 .text.create_chain